Archive member included to satisfy reference by file (symbol)

C:/clion/gcc-arm-none-eabi-10.3-2021.10/bin/../lib/gcc/arm-none-eabi/13.3.1/thumb/v7e-m/nofp\libgcc.a(_arm_mulsf3.o)
                              CMakeFiles/steer_gimbal.elf.dir/User/Snc/gimbal_control.c.obj (__aeabi_fmul)
C:/clion/gcc-arm-none-eabi-10.3-2021.10/bin/../lib/gcc/arm-none-eabi/13.3.1/thumb/v7e-m/nofp\libgcc.a(_arm_addsubsf3.o)
                              CMakeFiles/steer_gimbal.elf.dir/User/Snc/pid.c.obj (__aeabi_fsub)
C:/clion/gcc-arm-none-eabi-10.3-2021.10/bin/../lib/gcc/arm-none-eabi/13.3.1/thumb/v7e-m/nofp\libgcc.a(_arm_cmpsf2.o)
                              CMakeFiles/steer_gimbal.elf.dir/User/Snc/pid.c.obj (__aeabi_fcmple)
C:/clion/gcc-arm-none-eabi-10.3-2021.10/bin/../lib/gcc/arm-none-eabi/13.3.1/thumb/v7e-m/nofp\libgcc.a(_arm_fixsfsi.o)
                              CMakeFiles/steer_gimbal.elf.dir/User/Snc/gimbal_control.c.obj (__aeabi_f2iz)
C:/clion/gcc-arm-none-eabi-10.3-2021.10/bin/../lib/gcc/arm-none-eabi/13.3.1/thumb/v7e-m/nofp\libgcc.a(_aeabi_uldivmod.o)
                              CMakeFiles/steer_gimbal.elf.dir/Drivers/STM32F4xx_HAL_Driver/Src/stm32f4xx_hal_rcc.c.obj (__aeabi_uldivmod)
C:/clion/gcc-arm-none-eabi-10.3-2021.10/bin/../lib/gcc/arm-none-eabi/13.3.1/thumb/v7e-m/nofp\libgcc.a(_udivmoddi4.o)
                              C:/clion/gcc-arm-none-eabi-10.3-2021.10/bin/../lib/gcc/arm-none-eabi/13.3.1/thumb/v7e-m/nofp\libgcc.a(_aeabi_uldivmod.o) (__udivmoddi4)
C:/clion/gcc-arm-none-eabi-10.3-2021.10/bin/../lib/gcc/arm-none-eabi/13.3.1/thumb/v7e-m/nofp\libgcc.a(_dvmd_tls.o)
                              C:/clion/gcc-arm-none-eabi-10.3-2021.10/bin/../lib/gcc/arm-none-eabi/13.3.1/thumb/v7e-m/nofp\libgcc.a(_aeabi_uldivmod.o) (__aeabi_ldiv0)
C:/clion/gcc-arm-none-eabi-10.3-2021.10/bin/../lib/gcc/arm-none-eabi/13.3.1/thumb/v7e-m/nofp\libg.a(libc_a-exit.o)
                              C:/clion/gcc-arm-none-eabi-10.3-2021.10/bin/../lib/gcc/arm-none-eabi/13.3.1/thumb/v7e-m/nofp/crt0.o (exit)
C:/clion/gcc-arm-none-eabi-10.3-2021.10/bin/../lib/gcc/arm-none-eabi/13.3.1/thumb/v7e-m/nofp\libg.a(libc_a-findfp.o)
                              C:/clion/gcc-arm-none-eabi-10.3-2021.10/bin/../lib/gcc/arm-none-eabi/13.3.1/thumb/v7e-m/nofp\libg.a(libc_a-exit.o) (__stdio_exit_handler)
C:/clion/gcc-arm-none-eabi-10.3-2021.10/bin/../lib/gcc/arm-none-eabi/13.3.1/thumb/v7e-m/nofp\libg.a(libc_a-fwalk.o)
                              C:/clion/gcc-arm-none-eabi-10.3-2021.10/bin/../lib/gcc/arm-none-eabi/13.3.1/thumb/v7e-m/nofp\libg.a(libc_a-findfp.o) (_fwalk_sglue)
C:/clion/gcc-arm-none-eabi-10.3-2021.10/bin/../lib/gcc/arm-none-eabi/13.3.1/thumb/v7e-m/nofp\libg.a(libc_a-stdio.o)
                              C:/clion/gcc-arm-none-eabi-10.3-2021.10/bin/../lib/gcc/arm-none-eabi/13.3.1/thumb/v7e-m/nofp\libg.a(libc_a-findfp.o) (__sread)
C:/clion/gcc-arm-none-eabi-10.3-2021.10/bin/../lib/gcc/arm-none-eabi/13.3.1/thumb/v7e-m/nofp\libg.a(libc_a-memset.o)
                              C:/clion/gcc-arm-none-eabi-10.3-2021.10/bin/../lib/gcc/arm-none-eabi/13.3.1/thumb/v7e-m/nofp/crt0.o (memset)
C:/clion/gcc-arm-none-eabi-10.3-2021.10/bin/../lib/gcc/arm-none-eabi/13.3.1/thumb/v7e-m/nofp\libg.a(libc_a-closer.o)
                              C:/clion/gcc-arm-none-eabi-10.3-2021.10/bin/../lib/gcc/arm-none-eabi/13.3.1/thumb/v7e-m/nofp\libg.a(libc_a-stdio.o) (_close_r)
C:/clion/gcc-arm-none-eabi-10.3-2021.10/bin/../lib/gcc/arm-none-eabi/13.3.1/thumb/v7e-m/nofp\libg.a(libc_a-reent.o)
                              C:/clion/gcc-arm-none-eabi-10.3-2021.10/bin/../lib/gcc/arm-none-eabi/13.3.1/thumb/v7e-m/nofp\libg.a(libc_a-closer.o) (errno)
C:/clion/gcc-arm-none-eabi-10.3-2021.10/bin/../lib/gcc/arm-none-eabi/13.3.1/thumb/v7e-m/nofp\libg.a(libc_a-impure.o)
                              C:/clion/gcc-arm-none-eabi-10.3-2021.10/bin/../lib/gcc/arm-none-eabi/13.3.1/thumb/v7e-m/nofp\libg.a(libc_a-reent.o) (_impure_ptr)
C:/clion/gcc-arm-none-eabi-10.3-2021.10/bin/../lib/gcc/arm-none-eabi/13.3.1/thumb/v7e-m/nofp\libg.a(libc_a-lseekr.o)
                              C:/clion/gcc-arm-none-eabi-10.3-2021.10/bin/../lib/gcc/arm-none-eabi/13.3.1/thumb/v7e-m/nofp\libg.a(libc_a-stdio.o) (_lseek_r)
C:/clion/gcc-arm-none-eabi-10.3-2021.10/bin/../lib/gcc/arm-none-eabi/13.3.1/thumb/v7e-m/nofp\libg.a(libc_a-readr.o)
                              C:/clion/gcc-arm-none-eabi-10.3-2021.10/bin/../lib/gcc/arm-none-eabi/13.3.1/thumb/v7e-m/nofp\libg.a(libc_a-stdio.o) (_read_r)
C:/clion/gcc-arm-none-eabi-10.3-2021.10/bin/../lib/gcc/arm-none-eabi/13.3.1/thumb/v7e-m/nofp\libg.a(libc_a-writer.o)
                              C:/clion/gcc-arm-none-eabi-10.3-2021.10/bin/../lib/gcc/arm-none-eabi/13.3.1/thumb/v7e-m/nofp\libg.a(libc_a-stdio.o) (_write_r)
C:/clion/gcc-arm-none-eabi-10.3-2021.10/bin/../lib/gcc/arm-none-eabi/13.3.1/thumb/v7e-m/nofp\libg.a(libc_a-errno.o)
                              CMakeFiles/steer_gimbal.elf.dir/Core/Src/syscalls.c.obj (__errno)
[...]
Memory Configuration

Name             Origin             Length             Attributes
CCMRAM           0x10000000         0x00010000         xrw
RAM              0x20000000         0x00020000         xrw
FLASH            0x08000000         0x00100000         xr
*default*        0x00000000         0xffffffff

Linker script and memory map

LOAD C:/clion/gcc-arm-none-eabi-10.3-2021.10/bin/../lib/gcc/arm-none-eabi/13.3.1/thumb/v7e-m/nofp/crti.o
LOAD C:/clion/gcc-arm-none-eabi-10.3-2021.10/bin/../lib/gcc/arm-none-eabi/13.3.1/thumb/v7e-m/nofp/crtbegin.o
LOAD C:/clion/gcc-arm-none-eabi-10.3-2021.10/bin/../lib/gcc/arm-none-eabi/13.3.1/thumb/v7e-m/nofp/crt0.o
LOAD CMakeFiles/steer_gimbal.elf.dir/Core/Src/can.c.obj
LOAD CMakeFiles/steer_gimbal.elf.dir/Core/Src/dma.c.obj
LOAD CMakeFiles/steer_gimbal.elf.dir/Core/Src/gpio.c.obj
LOAD CMakeFiles/steer_gimbal.elf.dir/Core/Src/main.c.obj
LOAD CMakeFiles/steer_gimbal.elf.dir/Core/Src/stm32f4xx_hal_msp.c.obj
LOAD CMakeFiles/steer_gimbal.elf.dir/Core/Src/stm32f4xx_it.c.obj
LOAD CMakeFiles/steer_gimbal.elf.dir/Core/Src/syscalls.c.obj
LOAD CMakeFiles/steer_gimbal.elf.dir/Core/Src/sysmem.c.obj
LOAD CMakeFiles/steer_gimbal.elf.dir/Core/Src/system_stm32f4xx.c.obj
LOAD CMakeFiles/steer_gimbal.elf.dir/Core/Src/usart.c.obj
LOAD CMakeFiles/steer_gimbal.elf.dir/Core/Startup/startup_stm32f407ighx.s.obj
LOAD CMakeFiles/steer_gimbal.elf.dir/Drivers/STM32F4xx_HAL_Driver/Src/stm32f4xx_hal.c.obj
LOAD CMakeFiles/steer_gimbal.elf.dir/Drivers/STM32F4xx_HAL_Driver/Src/stm32f4xx_hal_can.c.obj
LOAD CMakeFiles/steer_gimbal.elf.dir/Drivers/STM32F4xx_HAL_Driver/Src/stm32f4xx_hal_cortex.c.obj
LOAD CMakeFiles/steer_gimbal.elf.dir/Drivers/STM32F4xx_HAL_Driver/Src/stm32f4xx_hal_dma.c.obj
LOAD CMakeFiles/steer_gimbal.elf.dir/Drivers/STM32F4xx_HAL_Driver/Src/stm32f4xx_hal_dma_ex.c.obj
LOAD CMakeFiles/steer_gimbal.elf.dir/Drivers/STM32F4xx_HAL_Driver/Src/stm32f4xx_hal_exti.c.obj
LOAD CMakeFiles/steer_gimbal.elf.dir/Drivers/STM32F4xx_HAL_Driver/Src/stm32f4xx_hal_flash.c.obj
LOAD CMakeFiles/steer_gimbal.elf.dir/Drivers/STM32F4xx_HAL_Driver/Src/stm32f4xx_hal_flash_ex.c.obj
LOAD CMakeFiles/steer_gimbal.elf.dir/Drivers/STM32F4xx_HAL_Driver/Src/stm32f4xx_hal_flash_ramfunc.c.obj
LOAD CMakeFiles/steer_gimbal.elf.dir/Drivers/STM32F4xx_HAL_Driver/Src/stm32f4xx_hal_gpio.c.obj
LOAD CMakeFiles/steer_gimbal.elf.dir/Drivers/STM32F4xx_HAL_Driver/Src/stm32f4xx_hal_pwr.c.obj
LOAD CMakeFiles/steer_gimbal.elf.dir/Drivers/STM32F4xx_HAL_Driver/Src/stm32f4xx_hal_pwr_ex.c.obj
LOAD CMakeFiles/steer_gimbal.elf.dir/Drivers/STM32F4xx_HAL_Driver/Src/stm32f4xx_hal_rcc.c.obj
LOAD CMakeFiles/steer_gimbal.elf.dir/Drivers/STM32F4xx_HAL_Driver/Src/stm32f4xx_hal_rcc_ex.c.obj
LOAD CMakeFiles/steer_gimbal.elf.dir/Drivers/STM32F4xx_HAL_Driver/Src/stm32f4xx_hal_tim.c.obj
LOAD CMakeFiles/steer_gimbal.elf.dir/Drivers/STM32F4xx_HAL_Driver/Src/stm32f4xx_hal_tim_ex.c.obj
LOAD CMakeFiles/steer_gimbal.elf.dir/Drivers/STM32F4xx_HAL_Driver/Src/stm32f4xx_hal_uart.c.obj
LOAD CMakeFiles/steer_gimbal.elf.dir/User/Snc/dr16.c.obj
LOAD CMakeFiles/steer_gimbal.elf.dir/User/Snc/gimbal_control.c.obj
LOAD CMakeFiles/steer_gimbal.elf.dir/User/Snc/mycan.c.obj
LOAD CMakeFiles/steer_gimbal.elf.dir/User/Snc/pid.c.obj
START GROUP
LOAD C:/clion/gcc-arm-none-eabi-10.3-2021.10/bin/../lib/gcc/arm-none-eabi/13.3.1/thumb/v7e-m/nofp\libgcc.a
LOAD C:/clion/gcc-arm-none-eabi-10.3-2021.10/bin/../lib/gcc/arm-none-eabi/13.3.1/thumb/v7e-m/nofp\libg.a
LOAD C:/clion/gcc-arm-none-eabi-10.3-2021.10/bin/../lib/gcc/arm-none-eabi/13.3.1/thumb/v7e-m/nofp\libc.a
END GROUP
LOAD C:/clion/gcc-arm-none-eabi-10.3-2021.10/bin/../lib/gcc/arm-none-eabi/13.3.1/thumb/v7e-m/nofp/crtend.o
LOAD C:/clion/gcc-arm-none-eabi-10.3-2021.10/bin/../lib/gcc/arm-none-eabi/13.3.1/thumb/v7e-m/nofp/crtn.o
                0x20020000                        _estack = (ORIGIN (RAM) + LENGTH (RAM))
                0x00000200                        _Min_Heap_Size = 0x200
                0x00000400                        _Min_Stack_Size = 0x400

.isr_vector     0x08000000      0x188
                0x08000000                        . = ALIGN (0x4)
 *(.isr_vector)
 .isr_vector    0x08000000      0x188 CMakeFiles/steer_gimbal.elf.dir/Core/Startup/startup_stm32f407ighx.s.obj
                0x08000000                g_pfnVectors
                0x08000188                        . = ALIGN (0x4)

.text           0x08000188     0x3708
                0x08000188                        . = ALIGN (0x4)
 *(.text)
 .text          0x08000188      0x168 C:/clion/gcc-arm-none-eabi-10.3-2021.10/bin/../lib/gcc/arm-none-eabi/13.3.1/thumb/v7e-m/nofp\libgcc.a(_arm_mulsf3.o)
                0x08000188                __aeabi_fmul
                0x08000188                __mulsf3
 .text          0x080002f0      0x21c C:/clion/gcc-arm-none-eabi-10.3-2021.10/bin/../lib/gcc/arm-none-eabi/13.3.1/thumb/v7e-m/nofp\libgcc.a(_arm_addsubsf3.o)
                0x080002f0                __aeabi_frsub
                0x080002f8                __subsf3
                0x080002f8                __aeabi_fsub
                0x080002fc                __aeabi_fadd
                0x080002fc                __addsf3
                0x0800045c                __aeabi_ui2f
                0x0800045c                __floatunsisf
                0x08000464                __aeabi_i2f
                0x08000464                __floatsisf
                0x08000480                __aeabi_ul2f
                0x08000480                __floatundisf
                0x08000490                __aeabi_l2f
                0x08000490                __floatdisf
 .text          0x0800050c       0xec C:/clion/gcc-arm-none-eabi-10.3-2021.10/bin/../lib/gcc/arm-none-eabi/13.3.1/thumb/v7e-m/nofp\libgcc.a(_arm_cmpsf2.o)
                0x0800050c                __gesf2
                0x0800050c                __gtsf2
                0x08000514                __lesf2
                0x08000514                __ltsf2
                0x0800051c                __nesf2
                0x0800051c                __eqsf2
                0x0800051c                __cmpsf2
                0x0800057c                __aeabi_cfrcmple
                0x08000584                __aeabi_cfcmpeq
                0x08000584                __aeabi_cfcmple
                0x08000594                __aeabi_fcmpeq
                0x080005a8                __aeabi_fcmplt
                0x080005bc                __aeabi_fcmple
                0x080005d0                __aeabi_fcmpge
                0x080005e4                __aeabi_fcmpgt
 .text          0x080005f8       0x4c C:/clion/gcc-arm-none-eabi-10.3-2021.10/bin/../lib/gcc/arm-none-eabi/13.3.1/thumb/v7e-m/nofp\libgcc.a(_arm_fixsfsi.o)
                0x080005f8                __aeabi_f2iz
                0x080005f8                __fixsfsi
 .text          0x08000644       0x30 C:/clion/gcc-arm-none-eabi-10.3-2021.10/bin/../lib/gcc/arm-none-eabi/13.3.1/thumb/v7e-m/nofp\libgcc.a(_aeabi_uldivmod.o)
                0x08000644                __aeabi_uldivmod
 .text          0x08000674        0x4 C:/clion/gcc-arm-none-eabi-10.3-2021.10/bin/../lib/gcc/arm-none-eabi/13.3.1/thumb/v7e-m/nofp\libgcc.a(_dvmd_tls.o)
                0x08000674                __aeabi_idiv0
                0x08000674                __aeabi_ldiv0
 *(.text*)
 .text.deregister_tm_clones
                0x08000678       0x1c C:/clion/gcc-arm-none-eabi-10.3-2021.10/bin/../lib/gcc/arm-none-eabi/13.3.1/thumb/v7e-m/nofp/crtbegin.o
 .text.register_tm_clones
                0x08000694       0x24 C:/clion/gcc-arm-none-eabi-10.3-2021.10/bin/../lib/gcc/arm-none-eabi/13.3.1/thumb/v7e-m/nofp/crtbegin.o
 .text.__do_global_dtors_aux
                0x080006b8       0x28 C:/clion/gcc-arm-none-eabi-10.3-2021.10/bin/../lib/gcc/arm-none-eabi/13.3.1/thumb/v7e-m/nofp/crtbegin.o
 .text.frame_dummy
                0x080006e0       0x24 C:/clion/gcc-arm-none-eabi-10.3-2021.10/bin/../lib/gcc/arm-none-eabi/13.3.1/thumb/v7e-m/nofp/crtbegin.o
 .text.MX_CAN1_Init
                0x08000704       0x44 CMakeFiles/steer_gimbal.elf.dir/Core/Src/can.c.obj
                0x08000704                MX_CAN1_Init
 .text.MX_CAN2_Init
                0x08000748       0x44 CMakeFiles/steer_gimbal.elf.dir/Core/Src/can.c.obj
                0x08000748                MX_CAN2_Init
 .text.HAL_CAN_MspInit
                0x0800078c      0x140 CMakeFiles/steer_gimbal.elf.dir/Core/Src/can.c.obj
                0x0800078c                HAL_CAN_MspInit
 .text.MX_DMA_Init
                0x080008cc       0x34 CMakeFiles/steer_gimbal.elf.dir/Core/Src/dma.c.obj
                0x080008cc                MX_DMA_Init
 .text.MX_GPIO_Init
                0x08000900       0xa8 CMakeFiles/steer_gimbal.elf.dir/Core/Src/gpio.c.obj
                0x08000900                MX_GPIO_Init
 .text.HAL_UARTEx_RxEventCallback
                0x080009a8       0x34 CMakeFiles/steer_gimbal.elf.dir/Core/Src/main.c.obj
                0x080009a8                HAL_UARTEx_RxEventCallback
 .text.Error_Handler
                0x080009dc        0x4 CMakeFiles/steer_gimbal.elf.dir/Core/Src/main.c.obj
                0x080009dc                Error_Handler
 .text.SystemClock_Config
                0x080009e0       0xa8 CMakeFiles/steer_gimbal.elf.dir/Core/Src/main.c.obj
                0x080009e0                SystemClock_Config
 .text.main     0x08000a88       0x64 CMakeFiles/steer_gimbal.elf.dir/Core/Src/main.c.obj
                0x08000a88                main
 .text.HAL_MspInit
                0x08000aec       0x38 CMakeFiles/steer_gimbal.elf.dir/Core/Src/stm32f4xx_hal_msp.c.obj
                0x08000aec                HAL_MspInit
 .text.NMI_Handler
                0x08000b24        0x2 CMakeFiles/steer_gimbal.elf.dir/Core/Src/stm32f4xx_it.c.obj
                0x08000b24                NMI_Handler
 .text.HardFault_Handler
                0x08000b26        0x2 CMakeFiles/steer_gimbal.elf.dir/Core/Src/stm32f4xx_it.c.obj
                0x08000b26                HardFault_Handler
 .text.MemManage_Handler
                0x08000b28        0x2 CMakeFiles/steer_gimbal.elf.dir/Core/Src/stm32f4xx_it.c.obj
                0x08000b28                MemManage_Handler
 .text.BusFault_Handler
                0x08000b2a        0x2 CMakeFiles/steer_gimbal.elf.dir/Core/Src/stm32f4xx_it.c.obj
                0x08000b2a                BusFault_Handler
 .text.UsageFault_Handler
                0x08000b2c        0x2 CMakeFiles/steer_gimbal.elf.dir/Core/Src/stm32f4xx_it.c.obj
                0x08000b2c                UsageFault_Handler
 .text.SVC_Handler
                0x08000b2e        0x2 CMakeFiles/steer_gimbal.elf.dir/Core/Src/stm32f4xx_it.c.obj
                0x08000b2e                SVC_Handler
 .text.DebugMon_Handler
                0x08000b30        0x2 CMakeFiles/steer_gimbal.elf.dir/Core/Src/stm32f4xx_it.c.obj
                0x08000b30                DebugMon_Handler
 .text.PendSV_Handler
                0x08000b32        0x2 CMakeFiles/steer_gimbal.elf.dir/Core/Src/stm32f4xx_it.c.obj
                0x08000b32                PendSV_Handler
 .text.SysTick_Handler
                0x08000b34        0x8 CMakeFiles/steer_gimbal.elf.dir/Core/Src/stm32f4xx_it.c.obj
                0x08000b34                SysTick_Handler
 .text.DMA1_Stream1_IRQHandler
                0x08000b3c       0x10 CMakeFiles/steer_gimbal.elf.dir/Core/Src/stm32f4xx_it.c.obj
                0x08000b3c                DMA1_Stream1_IRQHandler
 .text.CAN1_TX_IRQHandler
                0x08000b4c       0x10 CMakeFiles/steer_gimbal.elf.dir/Core/Src/stm32f4xx_it.c.obj
                0x08000b4c                CAN1_TX_IRQHandler
 .text.CAN1_RX0_IRQHandler
                0x08000b5c       0x10 CMakeFiles/steer_gimbal.elf.dir/Core/Src/stm32f4xx_it.c.obj
                0x08000b5c                CAN1_RX0_IRQHandler
 .text.USART3_IRQHandler
                0x08000b6c       0x10 CMakeFiles/steer_gimbal.elf.dir/Core/Src/stm32f4xx_it.c.obj
                0x08000b6c                USART3_IRQHandler
 .text.CAN2_TX_IRQHandler
                0x08000b7c       0x10 CMakeFiles/steer_gimbal.elf.dir/Core/Src/stm32f4xx_it.c.obj
                0x08000b7c                CAN2_TX_IRQHandler
 .text.CAN2_RX1_IRQHandler
                0x08000b8c       0x10 CMakeFiles/steer_gimbal.elf.dir/Core/Src/stm32f4xx_it.c.obj
                0x08000b8c                CAN2_RX1_IRQHandler
 .text.SystemInit
                0x08000b9c        0x2 CMakeFiles/steer_gimbal.elf.dir/Core/Src/system_stm32f4xx.c.obj
                0x08000b9c                SystemInit
 *fill*         0x08000b9e        0x2 
 .text.MX_USART3_UART_Init
                0x08000ba0       0x3c CMakeFiles/steer_gimbal.elf.dir/Core/Src/usart.c.obj
                0x08000ba0                MX_USART3_UART_Init
 .text.HAL_UART_MspInit
                0x08000bdc       0xbc CMakeFiles/steer_gimbal.elf.dir/Core/Src/usart.c.obj
                0x08000bdc                HAL_UART_MspInit
 .text.Reset_Handler
                0x08000c98       0x50 CMakeFiles/steer_gimbal.elf.dir/Core/Startup/startup_stm32f407ighx.s.obj
                0x08000c98                Reset_Handler
 .text.Default_Handler
                0x08000ce8        0x2 CMakeFiles/steer_gimbal.elf.dir/Core/Startup/startup_stm32f407ighx.s.obj
                0x08000ce8                RTC_Alarm_IRQHandler
                0x08000ce8                HASH_RNG_IRQHandler
                0x08000ce8                EXTI2_IRQHandler
                0x08000ce8                TIM8_CC_IRQHandler
                0x08000ce8                TIM1_CC_IRQHandler
                0x08000ce8                DMA2_Stream5_IRQHandler
                0x08000ce8                DMA1_Stream5_IRQHandler
                0x08000ce8                PVD_IRQHandler
                0x08000ce8                SDIO_IRQHandler
                0x08000ce8                TAMP_STAMP_IRQHandler
                0x08000ce8                EXTI3_IRQHandler
                0x08000ce8                TIM8_TRG_COM_TIM14_IRQHandler
                0x08000ce8                TIM1_UP_TIM10_IRQHandler
                0x08000ce8                TIM8_UP_TIM13_IRQHandler
                0x08000ce8                I2C3_ER_IRQHandler
                0x08000ce8                EXTI0_IRQHandler
                0x08000ce8                I2C2_EV_IRQHandler
                0x08000ce8                DMA1_Stream2_IRQHandler
                0x08000ce8                FPU_IRQHandler
                0x08000ce8                OTG_HS_WKUP_IRQHandler
                0x08000ce8                CAN2_SCE_IRQHandler
                0x08000ce8                DMA2_Stream2_IRQHandler
                0x08000ce8                SPI1_IRQHandler
                0x08000ce8                TIM6_DAC_IRQHandler
                0x08000ce8                TIM1_BRK_TIM9_IRQHandler
                0x08000ce8                DCMI_IRQHandler
                0x08000ce8                CAN2_RX0_IRQHandler
                0x08000ce8                DMA2_Stream3_IRQHandler
                0x08000ce8                USART6_IRQHandler
                0x08000ce8                CAN1_RX1_IRQHandler
                0x08000ce8                UART5_IRQHandler
                0x08000ce8                DMA2_Stream0_IRQHandler
                0x08000ce8                TIM4_IRQHandler
                0x08000ce8                I2C1_EV_IRQHandler
                0x08000ce8                DMA1_Stream6_IRQHandler
                0x08000ce8                UART4_IRQHandler
                0x08000ce8                TIM3_IRQHandler
                0x08000ce8                RCC_IRQHandler
                0x08000ce8                TIM8_BRK_TIM12_IRQHandler
                0x08000ce8                Default_Handler
                0x08000ce8                EXTI15_10_IRQHandler
                0x08000ce8                ADC_IRQHandler
                0x08000ce8                DMA1_Stream7_IRQHandler
                0x08000ce8                TIM7_IRQHandler
                0x08000ce8                TIM5_IRQHandler
                0x08000ce8                DMA2_Stream7_IRQHandler
                0x08000ce8                I2C3_EV_IRQHandler
                0x08000ce8                EXTI9_5_IRQHandler
                0x08000ce8                RTC_WKUP_IRQHandler
                0x08000ce8                ETH_WKUP_IRQHandler
                0x08000ce8                SPI2_IRQHandler
                0x08000ce8                OTG_HS_EP1_IN_IRQHandler
                0x08000ce8                DMA1_Stream0_IRQHandler
                0x08000ce8                EXTI4_IRQHandler
                0x08000ce8                FSMC_IRQHandler
                0x08000ce8                ETH_IRQHandler
                0x08000ce8                OTG_HS_EP1_OUT_IRQHandler
                0x08000ce8                WWDG_IRQHandler
                0x08000ce8                TIM2_IRQHandler
                0x08000ce8                OTG_FS_WKUP_IRQHandler
                0x08000ce8                TIM1_TRG_COM_TIM11_IRQHandler
                0x08000ce8                OTG_HS_IRQHandler
                0x08000ce8                EXTI1_IRQHandler
                0x08000ce8                USART2_IRQHandler
                0x08000ce8                I2C2_ER_IRQHandler
                0x08000ce8                DMA2_Stream1_IRQHandler
                0x08000ce8                CAN1_SCE_IRQHandler
                0x08000ce8                FLASH_IRQHandler
                0x08000ce8                DMA2_Stream4_IRQHandler
                0x08000ce8                USART1_IRQHandler
                0x08000ce8                OTG_FS_IRQHandler
                0x08000ce8                SPI3_IRQHandler
                0x08000ce8                DMA1_Stream4_IRQHandler
                0x08000ce8                I2C1_ER_IRQHandler
                0x08000ce8                DMA2_Stream6_IRQHandler
                0x08000ce8                DMA1_Stream3_IRQHandler
 *fill*         0x08000cea        0x2 
 .text.HAL_InitTick
                0x08000cec       0x4c CMakeFiles/steer_gimbal.elf.dir/Drivers/STM32F4xx_HAL_Driver/Src/stm32f4xx_hal.c.obj
                0x08000cec                HAL_InitTick
 .text.HAL_Init
                0x08000d38       0x34 CMakeFiles/steer_gimbal.elf.dir/Drivers/STM32F4xx_HAL_Driver/Src/stm32f4xx_hal.c.obj
                0x08000d38                HAL_Init
 .text.HAL_IncTick
                0x08000d6c       0x18 CMakeFiles/steer_gimbal.elf.dir/Drivers/STM32F4xx_HAL_Driver/Src/stm32f4xx_hal.c.obj
                0x08000d6c                HAL_IncTick
 .text.HAL_GetTick
                0x08000d84        0xc CMakeFiles/steer_gimbal.elf.dir/Drivers/STM32F4xx_HAL_Driver/Src/stm32f4xx_hal.c.obj
                0x08000d84                HAL_GetTick
 .text.HAL_Delay
                0x08000d90       0x28 CMakeFiles/steer_gimbal.elf.dir/Drivers/STM32F4xx_HAL_Driver/Src/stm32f4xx_hal.c.obj
                0x08000d90                HAL_Delay
 .text.HAL_CAN_Init
                0x08000db8      0x14c CMakeFiles/steer_gimbal.elf.dir/Drivers/STM32F4xx_HAL_Driver/Src/stm32f4xx_hal_can.c.obj
                0x08000db8                HAL_CAN_Init
 .text.HAL_CAN_ConfigFilter
                0x08000f04      0x13c CMakeFiles/steer_gimbal.elf.dir/Drivers/STM32F4xx_HAL_Driver/Src/stm32f4xx_hal_can.c.obj
                0x08000f04                HAL_CAN_ConfigFilter
 .text.HAL_CAN_Start
                0x08001040       0x5c CMakeFiles/steer_gimbal.elf.dir/Drivers/STM32F4xx_HAL_Driver/Src/stm32f4xx_hal_can.c.obj
                0x08001040                HAL_CAN_Start
 .text.HAL_CAN_AddTxMessage
                0x0800109c       0xea CMakeFiles/steer_gimbal.elf.dir/Drivers/STM32F4xx_HAL_Driver/Src/stm32f4xx_hal_can.c.obj
                0x0800109c                HAL_CAN_AddTxMessage
 .text.HAL_CAN_GetTxMailboxesFreeLevel
                0x08001186       0x32 CMakeFiles/steer_gimbal.elf.dir/Drivers/STM32F4xx_HAL_Driver/Src/stm32f4xx_hal_can.c.obj
                0x08001186                HAL_CAN_GetTxMailboxesFreeLevel
 .text.HAL_CAN_GetRxMessage
                0x080011b8      0x16a CMakeFiles/steer_gimbal.elf.dir/Drivers/STM32F4xx_HAL_Driver/Src/stm32f4xx_hal_can.c.obj
                0x080011b8                HAL_CAN_GetRxMessage
 .text.HAL_CAN_ActivateNotification
                0x08001322       0x24 CMakeFiles/steer_gimbal.elf.dir/Drivers/STM32F4xx_HAL_Driver/Src/stm32f4xx_hal_can.c.obj
                0x08001322                HAL_CAN_ActivateNotification
 .text.HAL_CAN_TxMailbox0CompleteCallback
                0x08001346        0x2 CMakeFiles/steer_gimbal.elf.dir/Drivers/STM32F4xx_HAL_Driver/Src/stm32f4xx_hal_can.c.obj
                0x08001346                HAL_CAN_TxMailbox0CompleteCallback
 .text.HAL_CAN_TxMailbox1CompleteCallback
                0x08001348        0x2 CMakeFiles/steer_gimbal.elf.dir/Drivers/STM32F4xx_HAL_Driver/Src/stm32f4xx_hal_can.c.obj
                0x08001348                HAL_CAN_TxMailbox1CompleteCallback
 .text.HAL_CAN_TxMailbox2CompleteCallback
                0x0800134a        0x2 CMakeFiles/steer_gimbal.elf.dir/Drivers/STM32F4xx_HAL_Driver/Src/stm32f4xx_hal_can.c.obj
                0x0800134a                HAL_CAN_TxMailbox2CompleteCallback
 .text.HAL_CAN_TxMailbox0AbortCallback
                0x0800134c        0x2 CMakeFiles/steer_gimbal.elf.dir/Drivers/STM32F4xx_HAL_Driver/Src/stm32f4xx_hal_can.c.obj
                0x0800134c                HAL_CAN_TxMailbox0AbortCallback
 .text.HAL_CAN_TxMailbox1AbortCallback
                0x0800134e        0x2 CMakeFiles/steer_gimbal.elf.dir/Drivers/STM32F4xx_HAL_Driver/Src/stm32f4xx_hal_can.c.obj
                0x0800134e                HAL_CAN_TxMailbox1AbortCallback
 .text.HAL_CAN_TxMailbox2AbortCallback
                0x08001350        0x2 CMakeFiles/steer_gimbal.elf.dir/Drivers/STM32F4xx_HAL_Driver/Src/stm32f4xx_hal_can.c.obj
                0x08001350                HAL_CAN_TxMailbox2AbortCallback
 .text.HAL_CAN_RxFifo0FullCallback
                0x08001352        0x2 CMakeFiles/steer_gimbal.elf.dir/Drivers/STM32F4xx_HAL_Driver/Src/stm32f4xx_hal_can.c.obj
                0x08001352                HAL_CAN_RxFifo0FullCallback
 .text.HAL_CAN_RxFifo1FullCallback
                0x08001354        0x2 CMakeFiles/steer_gimbal.elf.dir/Drivers/STM32F4xx_HAL_Driver/Src/stm32f4xx_hal_can.c.obj
                0x08001354                HAL_CAN_RxFifo1FullCallback
 .text.HAL_CAN_SleepCallback
                0x08001356        0x2 CMakeFiles/steer_gimbal.elf.dir/Drivers/STM32F4xx_HAL_Driver/Src/stm32f4xx_hal_can.c.obj
                0x08001356                HAL_CAN_SleepCallback
 .text.HAL_CAN_WakeUpFromRxMsgCallback
                0x08001358        0x2 CMakeFiles/steer_gimbal.elf.dir/Drivers/STM32F4xx_HAL_Driver/Src/stm32f4xx_hal_can.c.obj
                0x08001358                HAL_CAN_WakeUpFromRxMsgCallback
 .text.HAL_CAN_ErrorCallback
                0x0800135a        0x2 CMakeFiles/steer_gimbal.elf.dir/Drivers/STM32F4xx_HAL_Driver/Src/stm32f4xx_hal_can.c.obj
                0x0800135a                HAL_CAN_ErrorCallback
 .text.HAL_CAN_IRQHandler
                0x0800135c      0x250 CMakeFiles/steer_gimbal.elf.dir/Drivers/STM32F4xx_HAL_Driver/Src/stm32f4xx_hal_can.c.obj
                0x0800135c                HAL_CAN_IRQHandler
 .text.__NVIC_EnableIRQ
                0x080015ac       0x1c CMakeFiles/steer_gimbal.elf.dir/Drivers/STM32F4xx_HAL_Driver/Src/stm32f4xx_hal_cortex.c.obj
 .text.__NVIC_SetPriority
                0x080015c8       0x28 CMakeFiles/steer_gimbal.elf.dir/Drivers/STM32F4xx_HAL_Driver/Src/stm32f4xx_hal_cortex.c.obj
 .text.NVIC_EncodePriority
                0x080015f0       0x3e CMakeFiles/steer_gimbal.elf.dir/Drivers/STM32F4xx_HAL_Driver/Src/stm32f4xx_hal_cortex.c.obj
 *fill*         0x0800162e        0x2 
 .text.HAL_NVIC_SetPriorityGrouping
                0x08001630       0x24 CMakeFiles/steer_gimbal.elf.dir/Drivers/STM32F4xx_HAL_Driver/Src/stm32f4xx_hal_cortex.c.obj
                0x08001630                HAL_NVIC_SetPriorityGrouping
 .text.HAL_NVIC_SetPriority
                0x08001654       0x20 CMakeFiles/steer_gimbal.elf.dir/Drivers/STM32F4xx_HAL_Driver/Src/stm32f4xx_hal_cortex.c.obj
                0x08001654                HAL_NVIC_SetPriority
 .text.HAL_NVIC_EnableIRQ
                0x08001674        0x8 CMakeFiles/steer_gimbal.elf.dir/Drivers/STM32F4xx_HAL_Driver/Src/stm32f4xx_hal_cortex.c.obj
                0x08001674                HAL_NVIC_EnableIRQ
 .text.HAL_SYSTICK_Config
                0x0800167c       0x28 CMakeFiles/steer_gimbal.elf.dir/Drivers/STM32F4xx_HAL_Driver/Src/stm32f4xx_hal_cortex.c.obj
                0x0800167c                HAL_SYSTICK_Config
 .text.DMA_SetConfig
                0x080016a4       0x2c CMakeFiles/steer_gimbal.elf.dir/Drivers/STM32F4xx_HAL_Driver/Src/stm32f4xx_hal_dma.c.obj
 .text.DMA_CalcBaseAndBitshift
                0x080016d0       0x38 CMakeFiles/steer_gimbal.elf.dir/Drivers/STM32F4xx_HAL_Driver/Src/stm32f4xx_hal_dma.c.obj
 .text.DMA_CheckFifoParam
                0x08001708       0x8e CMakeFiles/steer_gimbal.elf.dir/Drivers/STM32F4xx_HAL_Driver/Src/stm32f4xx_hal_dma.c.obj
 *fill*         0x08001796        0x2 
 .text.HAL_DMA_Init
                0x08001798       0xcc CMakeFiles/steer_gimbal.elf.dir/Drivers/STM32F4xx_HAL_Driver/Src/stm32f4xx_hal_dma.c.obj
                0x08001798                HAL_DMA_Init
 .text.HAL_DMA_Start_IT
                0x08001864       0x6a CMakeFiles/steer_gimbal.elf.dir/Drivers/STM32F4xx_HAL_Driver/Src/stm32f4xx_hal_dma.c.obj
                0x08001864                HAL_DMA_Start_IT
 .text.HAL_DMA_Abort
                0x080018ce       0x94 CMakeFiles/steer_gimbal.elf.dir/Drivers/STM32F4xx_HAL_Driver/Src/stm32f4xx_hal_dma.c.obj
                0x080018ce                HAL_DMA_Abort
 .text.HAL_DMA_Abort_IT
                0x08001962       0x26 CMakeFiles/steer_gimbal.elf.dir/Drivers/STM32F4xx_HAL_Driver/Src/stm32f4xx_hal_dma.c.obj
                0x08001962                HAL_DMA_Abort_IT
 .text.HAL_DMA_IRQHandler
                0x08001988      0x1dc CMakeFiles/steer_gimbal.elf.dir/Drivers/STM32F4xx_HAL_Driver/Src/stm32f4xx_hal_dma.c.obj
                0x08001988                HAL_DMA_IRQHandler
 .text.HAL_GPIO_Init
                0x08001b64      0x1f4 CMakeFiles/steer_gimbal.elf.dir/Drivers/STM32F4xx_HAL_Driver/Src/stm32f4xx_hal_gpio.c.obj
                0x08001b64                HAL_GPIO_Init
 .text.HAL_GPIO_WritePin
                0x08001d58        0xc CMakeFiles/steer_gimbal.elf.dir/Drivers/STM32F4xx_HAL_Driver/Src/stm32f4xx_hal_gpio.c.obj
                0x08001d58                HAL_GPIO_WritePin
 .text.HAL_RCC_OscConfig
                0x08001d64      0x3f8 CMakeFiles/steer_gimbal.elf.dir/Drivers/STM32F4xx_HAL_Driver/Src/stm32f4xx_hal_rcc.c.obj
                0x08001d64                HAL_RCC_OscConfig
 .text.HAL_RCC_GetSysClockFreq
                0x0800215c       0xa8 CMakeFiles/steer_gimbal.elf.dir/Drivers/STM32F4xx_HAL_Driver/Src/stm32f4xx_hal_rcc.c.obj
                0x0800215c                HAL_RCC_GetSysClockFreq
 .text.HAL_RCC_ClockConfig
                0x08002204      0x160 CMakeFiles/steer_gimbal.elf.dir/Drivers/STM32F4xx_HAL_Driver/Src/stm32f4xx_hal_rcc.c.obj
                0x08002204                HAL_RCC_ClockConfig
 .text.HAL_RCC_GetHCLKFreq
                0x08002364        0xc CMakeFiles/steer_gimbal.elf.dir/Drivers/STM32F4xx_HAL_Driver/Src/stm32f4xx_hal_rcc.c.obj
                0x08002364                HAL_RCC_GetHCLKFreq
 .text.HAL_RCC_GetPCLK1Freq
                0x08002370       0x20 CMakeFiles/steer_gimbal.elf.dir/Drivers/STM32F4xx_HAL_Driver/Src/stm32f4xx_hal_rcc.c.obj
                0x08002370                HAL_RCC_GetPCLK1Freq
 .text.HAL_RCC_GetPCLK2Freq
                0x08002390       0x20 CMakeFiles/steer_gimbal.elf.dir/Drivers/STM32F4xx_HAL_Driver/Src/stm32f4xx_hal_rcc.c.obj
                0x08002390                HAL_RCC_GetPCLK2Freq
 .text.UART_EndTxTransfer
                0x080023b0       0x20 CMakeFiles/steer_gimbal.elf.dir/Drivers/STM32F4xx_HAL_Driver/Src/stm32f4xx_hal_uart.c.obj
 .text.UART_EndRxTransfer
                0x080023d0       0x5c CMakeFiles/steer_gimbal.elf.dir/Drivers/STM32F4xx_HAL_Driver/Src/stm32f4xx_hal_uart.c.obj
 .text.UART_Transmit_IT
                0x0800242c       0x60 CMakeFiles/steer_gimbal.elf.dir/Drivers/STM32F4xx_HAL_Driver/Src/stm32f4xx_hal_uart.c.obj
 .text.UART_SetConfig
                0x0800248c      0x110 CMakeFiles/steer_gimbal.elf.dir/Drivers/STM32F4xx_HAL_Driver/Src/stm32f4xx_hal_uart.c.obj
 .text.HAL_UART_Init
                0x0800259c       0x60 CMakeFiles/steer_gimbal.elf.dir/Drivers/STM32F4xx_HAL_Driver/Src/stm32f4xx_hal_uart.c.obj
                0x0800259c                HAL_UART_Init
 .text.HAL_UART_TxCpltCallback
                0x080025fc        0x2 CMakeFiles/steer_gimbal.elf.dir/Drivers/STM32F4xx_HAL_Driver/Src/stm32f4xx_hal_uart.c.obj
                0x080025fc                HAL_UART_TxCpltCallback
 .text.UART_EndTransmit_IT
                0x080025fe       0x1a CMakeFiles/steer_gimbal.elf.dir/Drivers/STM32F4xx_HAL_Driver/Src/stm32f4xx_hal_uart.c.obj
 .text.HAL_UART_RxCpltCallback
                0x08002618        0x2 CMakeFiles/steer_gimbal.elf.dir/Drivers/STM32F4xx_HAL_Driver/Src/stm32f4xx_hal_uart.c.obj
                0x08002618                HAL_UART_RxCpltCallback
 .text.HAL_UART_RxHalfCpltCallback
                0x0800261a        0x2 CMakeFiles/steer_gimbal.elf.dir/Drivers/STM32F4xx_HAL_Driver/Src/stm32f4xx_hal_uart.c.obj
                0x0800261a                HAL_UART_RxHalfCpltCallback
 .text.HAL_UART_ErrorCallback
                0x0800261c        0x2 CMakeFiles/steer_gimbal.elf.dir/Drivers/STM32F4xx_HAL_Driver/Src/stm32f4xx_hal_uart.c.obj
                0x0800261c                HAL_UART_ErrorCallback
 .text.UART_DMAError
                0x0800261e       0x58 CMakeFiles/steer_gimbal.elf.dir/Drivers/STM32F4xx_HAL_Driver/Src/stm32f4xx_hal_uart.c.obj
 .text.UART_DMAAbortOnError
                0x08002676       0x10 CMakeFiles/steer_gimbal.elf.dir/Drivers/STM32F4xx_HAL_Driver/Src/stm32f4xx_hal_uart.c.obj
 .text.UART_Receive_IT
                0x08002686       0xe6 CMakeFiles/steer_gimbal.elf.dir/Drivers/STM32F4xx_HAL_Driver/Src/stm32f4xx_hal_uart.c.obj
 .text.HAL_UART_IRQHandler
                0x0800276c      0x284 CMakeFiles/steer_gimbal.elf.dir/Drivers/STM32F4xx_HAL_Driver/Src/stm32f4xx_hal_uart.c.obj
                0x0800276c                HAL_UART_IRQHandler
 .text.UART_DMARxHalfCplt
                0x080029f0       0x1e CMakeFiles/steer_gimbal.elf.dir/Drivers/STM32F4xx_HAL_Driver/Src/stm32f4xx_hal_uart.c.obj
 .text.UART_DMAReceiveCplt
                0x08002a0e       0x9a CMakeFiles/steer_gimbal.elf.dir/Drivers/STM32F4xx_HAL_Driver/Src/stm32f4xx_hal_uart.c.obj
 .text.UART_Start_Receive_DMA
                0x08002aa8       0xa4 CMakeFiles/steer_gimbal.elf.dir/Drivers/STM32F4xx_HAL_Driver/Src/stm32f4xx_hal_uart.c.obj
                0x08002aa8                UART_Start_Receive_DMA
 .text.HAL_UARTEx_ReceiveToIdle_DMA
                0x08002b4c       0x66 CMakeFiles/steer_gimbal.elf.dir/Drivers/STM32F4xx_HAL_Driver/Src/stm32f4xx_hal_uart.c.obj
                0x08002b4c                HAL_UARTEx_ReceiveToIdle_DMA
 .text.RemoteDataProcess
                0x08002bb2       0x84 CMakeFiles/steer_gimbal.elf.dir/User/Snc/dr16.c.obj
                0x08002bb2                RemoteDataProcess
 *fill*         0x08002c36        0x2 
 .text.RC_Init  0x08002c38       0x24 CMakeFiles/steer_gimbal.elf.dir/User/Snc/dr16.c.obj
                0x08002c38                RC_Init
 .text.control_yaw_6020
                0x08002c5c       0x84 CMakeFiles/steer_gimbal.elf.dir/User/Snc/gimbal_control.c.obj
                0x08002c5c                control_yaw_6020
 .text.control_pitch_6020
                0x08002ce0       0x84 CMakeFiles/steer_gimbal.elf.dir/User/Snc/gimbal_control.c.obj
                0x08002ce0                control_pitch_6020
 .text.control_shoot_3508
                0x08002d64       0x94 CMakeFiles/steer_gimbal.elf.dir/User/Snc/gimbal_control.c.obj
                0x08002d64                control_shoot_3508
 .text.control_2006
                0x08002df8       0x44 CMakeFiles/steer_gimbal.elf.dir/User/Snc/gimbal_control.c.obj
                0x08002df8                control_2006
 .text.stop_shoot
                0x08002e3c       0x12 CMakeFiles/steer_gimbal.elf.dir/User/Snc/gimbal_control.c.obj
                0x08002e3c                stop_shoot
 *fill*         0x08002e4e        0x2 
 .text.shoot    0x08002e50       0x30 CMakeFiles/steer_gimbal.elf.dir/User/Snc/gimbal_control.c.obj
                0x08002e50                shoot
 .text.my_can1_init
                0x08002e80       0x4c CMakeFiles/steer_gimbal.elf.dir/User/Snc/mycan.c.obj
                0x08002e80                my_can1_init
 .text.my_can2_init
                0x08002ecc       0x4c CMakeFiles/steer_gimbal.elf.dir/User/Snc/mycan.c.obj
                0x08002ecc                my_can2_init
 .text.set_m3508_v
                0x08002f18       0x48 CMakeFiles/steer_gimbal.elf.dir/User/Snc/mycan.c.obj
                0x08002f18                set_m3508_v
 .text.set_m2006_v
                0x08002f60       0x40 CMakeFiles/steer_gimbal.elf.dir/User/Snc/mycan.c.obj
                0x08002f60                set_m2006_v
 .text.set_m6020_v
                0x08002fa0       0x48 CMakeFiles/steer_gimbal.elf.dir/User/Snc/mycan.c.obj
                0x08002fa0                set_m6020_v
 .text.HAL_CAN_RxFifo1MsgPendingCallback
                0x08002fe8       0xdc CMakeFiles/steer_gimbal.elf.dir/User/Snc/mycan.c.obj
                0x08002fe8                HAL_CAN_RxFifo1MsgPendingCallback
 .text.led      0x080030c4       0x3c CMakeFiles/steer_gimbal.elf.dir/User/Snc/mycan.c.obj
                0x080030c4                led
 .text.HAL_CAN_RxFifo0MsgPendingCallback
                0x08003100      0x168 CMakeFiles/steer_gimbal.elf.dir/User/Snc/mycan.c.obj
                0x08003100                HAL_CAN_RxFifo0MsgPendingCallback
 .text.pid_init
                0x08003268       0x10 CMakeFiles/steer_gimbal.elf.dir/User/Snc/pid.c.obj
                0x08003268                pid_init
 .text.pid_calc
                0x08003278       0xb6 CMakeFiles/steer_gimbal.elf.dir/User/Snc/pid.c.obj
                0x08003278                pid_calc
 *fill*         0x0800332e        0x2 
 .text.all_pid_init
                0x08003330       0xc8 CMakeFiles/steer_gimbal.elf.dir/User/Snc/pid.c.obj
                0x08003330                all_pid_init
 .text.__udivmoddi4
                0x080033f8      0x2bc C:/clion/gcc-arm-none-eabi-10.3-2021.10/bin/../lib/gcc/arm-none-eabi/13.3.1/thumb/v7e-m/nofp\libgcc.a(_udivmoddi4.o)
                0x080033f8                __udivmoddi4
 .text.memset   0x080036b4       0xa4 C:/clion/gcc-arm-none-eabi-10.3-2021.10/bin/../lib/gcc/arm-none-eabi/13.3.1/thumb/v7e-m/nofp\libg.a(libc_a-memset.o)
                0x080036b4                memset
 .text.__libc_init_array
                0x08003758       0x50 C:/clion/gcc-arm-none-eabi-10.3-2021.10/bin/../lib/gcc/arm-none-eabi/13.3.1/thumb/v7e-m/nofp\libg.a(libc_a-init.o)
                0x08003758                __libc_init_array
 .text.__retarget_lock_acquire_recursive
                0x080037a8        0x4 C:/clion/gcc-arm-none-eabi-10.3-2021.10/bin/../lib/gcc/arm-none-eabi/13.3.1/thumb/v7e-m/nofp\libg.a(libc_a-lock.o)
                0x080037a8                __retarget_lock_acquire_recursive
 .text.__retarget_lock_release_recursive
                0x080037ac        0x4 C:/clion/gcc-arm-none-eabi-10.3-2021.10/bin/../lib/gcc/arm-none-eabi/13.3.1/thumb/v7e-m/nofp\libg.a(libc_a-lock.o)
                0x080037ac                __retarget_lock_release_recursive
 .text.startup.register_fini
                0x080037b0       0x14 C:/clion/gcc-arm-none-eabi-10.3-2021.10/bin/../lib/gcc/arm-none-eabi/13.3.1/thumb/v7e-m/nofp\libg.a(libc_a-__call_atexit.o)
 .text.atexit   0x080037c4        0xc C:/clion/gcc-arm-none-eabi-10.3-2021.10/bin/../lib/gcc/arm-none-eabi/13.3.1/thumb/v7e-m/nofp\libg.a(libc_a-atexit.o)
                0x080037c4                atexit
 .text.__libc_fini_array
                0x080037d0       0x28 C:/clion/gcc-arm-none-eabi-10.3-2021.10/bin/../lib/gcc/arm-none-eabi/13.3.1/thumb/v7e-m/nofp\libg.a(libc_a-fini.o)
                0x080037d0                __libc_fini_array
 .text.__register_exitproc
                0x080037f8       0x80 C:/clion/gcc-arm-none-eabi-10.3-2021.10/bin/../lib/gcc/arm-none-eabi/13.3.1/thumb/v7e-m/nofp\libg.a(libc_a-__atexit.o)
                0x080037f8                __register_exitproc
 *(.glue_7)
 .glue_7        0x08003878        0x0 linker stubs
 *(.glue_7t)
 .glue_7t       0x08003878        0x0 linker stubs
 *(.eh_frame)
 .eh_frame      0x08003878        0x0 C:/clion/gcc-arm-none-eabi-10.3-2021.10/bin/../lib/gcc/arm-none-eabi/13.3.1/thumb/v7e-m/nofp/crtbegin.o
 *(.init)
 .init          0x08003878        0x4 C:/clion/gcc-arm-none-eabi-10.3-2021.10/bin/../lib/gcc/arm-none-eabi/13.3.1/thumb/v7e-m/nofp/crti.o
                0x08003878                _init
 .init          0x0800387c        0x8 C:/clion/gcc-arm-none-eabi-10.3-2021.10/bin/../lib/gcc/arm-none-eabi/13.3.1/thumb/v7e-m/nofp/crtn.o
 *(.fini)
 .fini          0x08003884        0x4 C:/clion/gcc-arm-none-eabi-10.3-2021.10/bin/../lib/gcc/arm-none-eabi/13.3.1/thumb/v7e-m/nofp/crti.o
                0x08003884                _fini
 .fini          0x08003888        0x8 C:/clion/gcc-arm-none-eabi-10.3-2021.10/bin/../lib/gcc/arm-none-eabi/13.3.1/thumb/v7e-m/nofp/crtn.o
                0x08003890                        . = ALIGN (0x4)
                0x08003890                        _etext = .

.vfp11_veneer   0x08003890        0x0
 .vfp11_veneer  0x08003890        0x0 linker stubs

.v4_bx          0x08003890        0x0
 .v4_bx         0x08003890        0x0 linker stubs

.iplt           0x08003890        0x0
 .iplt          0x08003890        0x0 C:/clion/gcc-arm-none-eabi-10.3-2021.10/bin/../lib/gcc/arm-none-eabi/13.3.1/thumb/v7e-m/nofp/crtbegin.o

.rodata         0x08003890       0x20
                0x08003890                        . = ALIGN (0x4)
 *(.rodata)
 *(.rodata*)
 .rodata.APBPrescTable
                0x08003890        0x8 CMakeFiles/steer_gimbal.elf.dir/Core/Src/system_stm32f4xx.c.obj
                0x08003890                APBPrescTable
 .rodata.AHBPrescTable
                0x08003898       0x10 CMakeFiles/steer_gimbal.elf.dir/Core/Src/system_stm32f4xx.c.obj
                0x08003898                AHBPrescTable
 .rodata.flagBitshiftOffset.0
                0x080038a8        0x8 CMakeFiles/steer_gimbal.elf.dir/Drivers/STM32F4xx_HAL_Driver/Src/stm32f4xx_hal_dma.c.obj
                0x080038b0                        . = ALIGN (0x4)

.ARM.extab      0x080038b0        0x0
                0x080038b0                        . = ALIGN (0x4)
 *(.ARM.extab* .gnu.linkonce.armextab.*)
                0x080038b0                        . = ALIGN (0x4)

.ARM            0x080038b0        0x8
                0x080038b0                        . = ALIGN (0x4)
                0x080038b0                        __exidx_start = .
 *(.ARM.exidx*)
 .ARM.exidx.text.__udivmoddi4
                0x080038b0        0x8 C:/clion/gcc-arm-none-eabi-10.3-2021.10/bin/../lib/gcc/arm-none-eabi/13.3.1/thumb/v7e-m/nofp\libgcc.a(_udivmoddi4.o)
                0x080038b8                        __exidx_end = .
                0x080038b8                        . = ALIGN (0x4)

.preinit_array  0x080038b8        0x0
                0x080038b8                        . = ALIGN (0x4)
                0x080038b8                        PROVIDE (__preinit_array_start = .)
 *(.preinit_array*)
                0x080038b8                        PROVIDE (__preinit_array_end = .)
                0x080038b8                        . = ALIGN (0x4)

.init_array     0x080038b8        0x8
                0x080038b8                        . = ALIGN (0x4)
                0x080038b8                        PROVIDE (__init_array_start = .)
 *(SORT_BY_NAME(.init_array.*))
 .init_array.00000
                0x080038b8        0x4 C:/clion/gcc-arm-none-eabi-10.3-2021.10/bin/../lib/gcc/arm-none-eabi/13.3.1/thumb/v7e-m/nofp\libg.a(libc_a-__call_atexit.o)
 *(.init_array*)
 .init_array    0x080038bc        0x4 C:/clion/gcc-arm-none-eabi-10.3-2021.10/bin/../lib/gcc/arm-none-eabi/13.3.1/thumb/v7e-m/nofp/crtbegin.o
                0x080038c0                        PROVIDE (__init_array_end = .)
                0x080038c0                        . = ALIGN (0x4)

.fini_array     0x080038c0        0x4
                0x080038c0                        . = ALIGN (0x4)
                0x080038c0                        PROVIDE (__fini_array_start = .)
 *(SORT_BY_NAME(.fini_array.*))
 *(.fini_array*)
 .fini_array    0x080038c0        0x4 C:/clion/gcc-arm-none-eabi-10.3-2021.10/bin/../lib/gcc/arm-none-eabi/13.3.1/thumb/v7e-m/nofp/crtbegin.o
                0x080038c4                        PROVIDE (__fini_array_end = .)
                0x080038c4                        . = ALIGN (0x4)
                0x080038c4                        _sidata = LOADADDR (.data)

.rel.dyn        0x080038c4        0x0
 .rel.iplt      0x080038c4        0x0 C:/clion/gcc-arm-none-eabi-10.3-2021.10/bin/../lib/gcc/arm-none-eabi/13.3.1/thumb/v7e-m/nofp/crtbegin.o

.data           0x20000000       0x10 load address 0x080038c4
                0x20000000                        . = ALIGN (0x4)
                0x20000000                        _sdata = .
 *(.data)
 *(.data*)
 .data.SystemCoreClock
                0x20000000        0x4 CMakeFiles/steer_gimbal.elf.dir/Core/Src/system_stm32f4xx.c.obj
                0x20000000                SystemCoreClock
 .data.uwTickFreq
                0x20000004        0x1 CMakeFiles/steer_gimbal.elf.dir/Drivers/STM32F4xx_HAL_Driver/Src/stm32f4xx_hal.c.obj
                0x20000004                uwTickFreq
 *fill*         0x20000005        0x3 
 .data.uwTickPrio
                0x20000008        0x4 CMakeFiles/steer_gimbal.elf.dir/Drivers/STM32F4xx_HAL_Driver/Src/stm32f4xx_hal.c.obj
                0x20000008                uwTickPrio
 .data.__atexit_recursive_mutex
                0x2000000c        0x4 C:/clion/gcc-arm-none-eabi-10.3-2021.10/bin/../lib/gcc/arm-none-eabi/13.3.1/thumb/v7e-m/nofp\libg.a(libc_a-__call_atexit.o)
                0x2000000c                __atexit_recursive_mutex
 *(.RamFunc)
 *(.RamFunc*)
                0x20000010                        . = ALIGN (0x4)
                0x20000010                        _edata = .
                0x080038d4                        _siccmram = LOADADDR (.ccmram)

.tm_clone_table
                0x20000010        0x0 load address 0x080038d4
 .tm_clone_table
                0x20000010        0x0 C:/clion/gcc-arm-none-eabi-10.3-2021.10/bin/../lib/gcc/arm-none-eabi/13.3.1/thumb/v7e-m/nofp/crtbegin.o
 .tm_clone_table
                0x20000010        0x0 C:/clion/gcc-arm-none-eabi-10.3-2021.10/bin/../lib/gcc/arm-none-eabi/13.3.1/thumb/v7e-m/nofp/crtend.o

.igot.plt       0x20000010        0x0 load address 0x080038d4
 .igot.plt      0x20000010        0x0 C:/clion/gcc-arm-none-eabi-10.3-2021.10/bin/../lib/gcc/arm-none-eabi/13.3.1/thumb/v7e-m/nofp/crtbegin.o

.ccmram         0x10000000        0x0 load address 0x080038d4
                0x10000000                        . = ALIGN (0x4)
                0x10000000                        _sccmram = .
 *(.ccmram)
 *(.ccmram*)
                0x10000000                        . = ALIGN (0x4)
                0x10000000                        _eccmram = .
                0x10000000                        . = ALIGN (0x4)

.bss            0x20000010      0x6e4
                0x20000010                        _sbss = .
                0x20000010                        __bss_start__ = _sbss
 *(.bss)
 *(.bss*)
 .bss.completed.1
                0x20000010        0x1 C:/clion/gcc-arm-none-eabi-10.3-2021.10/bin/../lib/gcc/arm-none-eabi/13.3.1/thumb/v7e-m/nofp/crtbegin.o
 *fill*         0x20000011        0x3 
 .bss.object.0  0x20000014       0x18 C:/clion/gcc-arm-none-eabi-10.3-2021.10/bin/../lib/gcc/arm-none-eabi/13.3.1/thumb/v7e-m/nofp/crtbegin.o
 .bss.HAL_RCC_CAN1_CLK_ENABLED
                0x2000002c        0x4 CMakeFiles/steer_gimbal.elf.dir/Core/Src/can.c.obj
 .bss.hcan2     0x20000030       0x28 CMakeFiles/steer_gimbal.elf.dir/Core/Src/can.c.obj
                0x20000030                hcan2
 .bss.hcan1     0x20000058       0x28 CMakeFiles/steer_gimbal.elf.dir/Core/Src/can.c.obj
                0x20000058                hcan1
 .bss.hdma_usart3_rx
                0x20000080       0x60 CMakeFiles/steer_gimbal.elf.dir/Core/Src/usart.c.obj
                0x20000080                hdma_usart3_rx
 .bss.huart3    0x200000e0       0x48 CMakeFiles/steer_gimbal.elf.dir/Core/Src/usart.c.obj
                0x200000e0                huart3
 .bss.uwTick    0x20000128        0x4 CMakeFiles/steer_gimbal.elf.dir/Drivers/STM32F4xx_HAL_Driver/Src/stm32f4xx_hal.c.obj
                0x20000128                uwTick
 .bss.UART_RECV
                0x2000012c      0x200 CMakeFiles/steer_gimbal.elf.dir/User/Snc/dr16.c.obj
                0x2000012c                UART_RECV
 .bss.RC_CtrlData
                0x2000032c       0x14 CMakeFiles/steer_gimbal.elf.dir/User/Snc/dr16.c.obj
                0x2000032c                RC_CtrlData
 .bss.now_pitch_enc
                0x20000340        0x2 CMakeFiles/steer_gimbal.elf.dir/User/Snc/gimbal_control.c.obj
                0x20000340                now_pitch_enc
 .bss.now_yaw_enc
                0x20000342        0x2 CMakeFiles/steer_gimbal.elf.dir/User/Snc/gimbal_control.c.obj
                0x20000342                now_yaw_enc
 .bss.target_2006_speed
                0x20000344        0x4 CMakeFiles/steer_gimbal.elf.dir/User/Snc/gimbal_control.c.obj
                0x20000344                target_2006_speed
 .bss.boardA_info1
                0x20000348        0x8 CMakeFiles/steer_gimbal.elf.dir/User/Snc/mycan.c.obj
                0x20000348                boardA_info1
 .bss.pitch_6020_info
                0x20000350       0x20 CMakeFiles/steer_gimbal.elf.dir/User/Snc/mycan.c.obj
                0x20000350                pitch_6020_info
 .bss.yaw_6020_info
                0x20000370       0x20 CMakeFiles/steer_gimbal.elf.dir/User/Snc/mycan.c.obj
                0x20000370                yaw_6020_info
 .bss.shoot_m2006_info
                0x20000390       0x20 CMakeFiles/steer_gimbal.elf.dir/User/Snc/mycan.c.obj
                0x20000390                shoot_m2006_info
 .bss.shoot_m3508_info
                0x200003b0       0x40 CMakeFiles/steer_gimbal.elf.dir/User/Snc/mycan.c.obj
                0x200003b0                shoot_m3508_info
 .bss.gimbal_pitch_angle_pid
                0x200003f0       0x34 CMakeFiles/steer_gimbal.elf.dir/User/Snc/pid.c.obj
                0x200003f0                gimbal_pitch_angle_pid
 .bss.gimbal_pitch_speed_pid
                0x20000424       0x34 CMakeFiles/steer_gimbal.elf.dir/User/Snc/pid.c.obj
                0x20000424                gimbal_pitch_speed_pid
 .bss.gimbal_yaw_angle_pid
                0x20000458       0x34 CMakeFiles/steer_gimbal.elf.dir/User/Snc/pid.c.obj
                0x20000458                gimbal_yaw_angle_pid
 .bss.gimbal_yaw_speed_pid
                0x2000048c       0x34 CMakeFiles/steer_gimbal.elf.dir/User/Snc/pid.c.obj
                0x2000048c                gimbal_yaw_speed_pid
 .bss.shoot_m2006_pid
                0x200004c0       0x34 CMakeFiles/steer_gimbal.elf.dir/User/Snc/pid.c.obj
                0x200004c0                shoot_m2006_pid
 .bss.shoot_m3508_pid
                0x200004f4       0x68 CMakeFiles/steer_gimbal.elf.dir/User/Snc/pid.c.obj
                0x200004f4                shoot_m3508_pid
 .bss.__lock___atexit_recursive_mutex
                0x2000055c        0x1 C:/clion/gcc-arm-none-eabi-10.3-2021.10/bin/../lib/gcc/arm-none-eabi/13.3.1/thumb/v7e-m/nofp\libg.a(libc_a-lock.o)
                0x2000055c                __lock___atexit_recursive_mutex
 *fill*         0x2000055d        0x3 
 .bss.__atexit  0x20000560        0x4 C:/clion/gcc-arm-none-eabi-10.3-2021.10/bin/../lib/gcc/arm-none-eabi/13.3.1/thumb/v7e-m/nofp\libg.a(libc_a-__call_atexit.o)
                0x20000560                __atexit
 .bss.__atexit0
                0x20000564      0x190 C:/clion/gcc-arm-none-eabi-10.3-2021.10/bin/../lib/gcc/arm-none-eabi/13.3.1/thumb/v7e-m/nofp\libg.a(libc_a-__atexit.o)
                0x20000564                __atexit0
 *(COMMON)
                0x200006f4                        . = ALIGN (0x4)
                0x200006f4                        _ebss = .
                0x200006f4                        __bss_end__ = _ebss

._user_heap_stack
                0x200006f4      0x604
                0x200006f8                        . = ALIGN (0x8)
 *fill*         0x200006f4        0x4 
                [!provide]                        PROVIDE (end = .)
                0x200006f8                        PROVIDE (_end = .)
                0x200008f8                        . = (. + _Min_Heap_Size)
 *fill*         0x200006f8      0x200 
                0x20000cf8                        . = (. + _Min_Stack_Size)
 *fill*         0x200008f8      0x400 
                0x20000cf8                        . = ALIGN (0x8)

/DISCARD/
 libc.a(*)
 libm.a(*)
 libgcc.a(*)

.ARM.attributes
                0x00000000       0x2a
 *(.ARM.attributes)
 .ARM.attributes
                0x00000000       0x1e C:/clion/gcc-arm-none-eabi-10.3-2021.10/bin/../lib/gcc/arm-none-eabi/13.3.1/thumb/v7e-m/nofp/crti.o
 .ARM.attributes
                0x0000001e       0x2e C:/clion/gcc-arm-none-eabi-10.3-2021.10/bin/../lib/gcc/arm-none-eabi/13.3.1/thumb/v7e-m/nofp/crtbegin.o
 .ARM.attributes
                0x0000004c       0x2e CMakeFiles/steer_gimbal.elf.dir/Core/Src/can.c.obj
 .ARM.attributes
                0x0000007a       0x2e CMakeFiles/steer_gimbal.elf.dir/Core/Src/dma.c.obj
 .ARM.attributes
                0x000000a8       0x2e CMakeFiles/steer_gimbal.elf.dir/Core/Src/gpio.c.obj
 .ARM.attributes
                0x000000d6       0x2e CMakeFiles/steer_gimbal.elf.dir/Core/Src/main.c.obj
 .ARM.attributes
                0x00000104       0x2e CMakeFiles/steer_gimbal.elf.dir/Core/Src/stm32f4xx_hal_msp.c.obj
 .ARM.attributes
                0x00000132       0x2e CMakeFiles/steer_gimbal.elf.dir/Core/Src/stm32f4xx_it.c.obj
 .ARM.attributes
                0x00000160       0x2e CMakeFiles/steer_gimbal.elf.dir/Core/Src/system_stm32f4xx.c.obj
 .ARM.attributes
                0x0000018e       0x2e CMakeFiles/steer_gimbal.elf.dir/Core/Src/usart.c.obj
 .ARM.attributes
                0x000001bc       0x21 CMakeFiles/steer_gimbal.elf.dir/Core/Startup/startup_stm32f407ighx.s.obj
 .ARM.attributes
                0x000001dd       0x2e CMakeFiles/steer_gimbal.elf.dir/Drivers/STM32F4xx_HAL_Driver/Src/stm32f4xx_hal.c.obj
 .ARM.attributes
                0x0000020b       0x2e CMakeFiles/steer_gimbal.elf.dir/Drivers/STM32F4xx_HAL_Driver/Src/stm32f4xx_hal_can.c.obj
 .ARM.attributes
                0x00000239       0x2e CMakeFiles/steer_gimbal.elf.dir/Drivers/STM32F4xx_HAL_Driver/Src/stm32f4xx_hal_cortex.c.obj
 .ARM.attributes
                0x00000267       0x2e CMakeFiles/steer_gimbal.elf.dir/Drivers/STM32F4xx_HAL_Driver/Src/stm32f4xx_hal_dma.c.obj
 .ARM.attributes
                0x00000295       0x2e CMakeFiles/steer_gimbal.elf.dir/Drivers/STM32F4xx_HAL_Driver/Src/stm32f4xx_hal_gpio.c.obj
 .ARM.attributes
                0x000002c3       0x2e CMakeFiles/steer_gimbal.elf.dir/Drivers/STM32F4xx_HAL_Driver/Src/stm32f4xx_hal_rcc.c.obj
 .ARM.attributes
                0x000002f1       0x2e CMakeFiles/steer_gimbal.elf.dir/Drivers/STM32F4xx_HAL_Driver/Src/stm32f4xx_hal_uart.c.obj
 .ARM.attributes
                0x0000031f       0x2e CMakeFiles/steer_gimbal.elf.dir/User/Snc/dr16.c.obj
 .ARM.attributes
                0x0000034d       0x2e CMakeFiles/steer_gimbal.elf.dir/User/Snc/gimbal_control.c.obj
 .ARM.attributes
                0x0000037b       0x2e CMakeFiles/steer_gimbal.elf.dir/User/Snc/mycan.c.obj
 .ARM.attributes
                0x000003a9       0x2e CMakeFiles/steer_gimbal.elf.dir/User/Snc/pid.c.obj
 .ARM.attributes
                0x000003d7       0x1e C:/clion/gcc-arm-none-eabi-10.3-2021.10/bin/../lib/gcc/arm-none-eabi/13.3.1/thumb/v7e-m/nofp\libgcc.a(_arm_mulsf3.o)
 .ARM.attributes
                0x000003f5       0x1e C:/clion/gcc-arm-none-eabi-10.3-2021.10/bin/../lib/gcc/arm-none-eabi/13.3.1/thumb/v7e-m/nofp\libgcc.a(_arm_addsubsf3.o)
 .ARM.attributes
                0x00000413       0x1e C:/clion/gcc-arm-none-eabi-10.3-2021.10/bin/../lib/gcc/arm-none-eabi/13.3.1/thumb/v7e-m/nofp\libgcc.a(_arm_cmpsf2.o)
 .ARM.attributes
                0x00000431       0x1e C:/clion/gcc-arm-none-eabi-10.3-2021.10/bin/../lib/gcc/arm-none-eabi/13.3.1/thumb/v7e-m/nofp\libgcc.a(_arm_fixsfsi.o)
 .ARM.attributes
                0x0000044f       0x1e C:/clion/gcc-arm-none-eabi-10.3-2021.10/bin/../lib/gcc/arm-none-eabi/13.3.1/thumb/v7e-m/nofp\libgcc.a(_aeabi_uldivmod.o)
 .ARM.attributes
                0x0000046d       0x2e C:/clion/gcc-arm-none-eabi-10.3-2021.10/bin/../lib/gcc/arm-none-eabi/13.3.1/thumb/v7e-m/nofp\libgcc.a(_udivmoddi4.o)
 .ARM.attributes
                0x0000049b       0x1e C:/clion/gcc-arm-none-eabi-10.3-2021.10/bin/../lib/gcc/arm-none-eabi/13.3.1/thumb/v7e-m/nofp\libgcc.a(_dvmd_tls.o)
 .ARM.attributes
                0x000004b9       0x2e C:/clion/gcc-arm-none-eabi-10.3-2021.10/bin/../lib/gcc/arm-none-eabi/13.3.1/thumb/v7e-m/nofp\libg.a(libc_a-memset.o)
 .ARM.attributes
                0x000004e7       0x2e C:/clion/gcc-arm-none-eabi-10.3-2021.10/bin/../lib/gcc/arm-none-eabi/13.3.1/thumb/v7e-m/nofp\libg.a(libc_a-init.o)
 .ARM.attributes
                0x00000515       0x2e C:/clion/gcc-arm-none-eabi-10.3-2021.10/bin/../lib/gcc/arm-none-eabi/13.3.1/thumb/v7e-m/nofp\libg.a(libc_a-lock.o)
 .ARM.attributes
                0x00000543       0x2e C:/clion/gcc-arm-none-eabi-10.3-2021.10/bin/../lib/gcc/arm-none-eabi/13.3.1/thumb/v7e-m/nofp\libg.a(libc_a-__call_atexit.o)
 .ARM.attributes
                0x00000571       0x2e C:/clion/gcc-arm-none-eabi-10.3-2021.10/bin/../lib/gcc/arm-none-eabi/13.3.1/thumb/v7e-m/nofp\libg.a(libc_a-atexit.o)
 .ARM.attributes
                0x0000059f       0x2e C:/clion/gcc-arm-none-eabi-10.3-2021.10/bin/../lib/gcc/arm-none-eabi/13.3.1/thumb/v7e-m/nofp\libg.a(libc_a-fini.o)
 .ARM.attributes
                0x000005cd       0x2e C:/clion/gcc-arm-none-eabi-10.3-2021.10/bin/../lib/gcc/arm-none-eabi/13.3.1/thumb/v7e-m/nofp\libg.a(libc_a-__atexit.o)
 .ARM.attributes
                0x000005fb       0x2e C:/clion/gcc-arm-none-eabi-10.3-2021.10/bin/../lib/gcc/arm-none-eabi/13.3.1/thumb/v7e-m/nofp/crtend.o
 .ARM.attributes
                0x00000629       0x1e C:/clion/gcc-arm-none-eabi-10.3-2021.10/bin/../lib/gcc/arm-none-eabi/13.3.1/thumb/v7e-m/nofp/crtn.o
OUTPUT(steer_gimbal.elf elf32-littlearm)
LOAD linker stubs
LOAD C:/clion/gcc-arm-none-eabi-10.3-2021.10/bin/../lib/gcc/arm-none-eabi/13.3.1/thumb/v7e-m/nofp\libc.a
LOAD C:/clion/gcc-arm-none-eabi-10.3-2021.10/bin/../lib/gcc/arm-none-eabi/13.3.1/thumb/v7e-m/nofp\libm.a
LOAD C:/clion/gcc-arm-none-eabi-10.3-2021.10/bin/../lib/gcc/arm-none-eabi/13.3.1/thumb/v7e-m/nofp\libgcc.a

.debug_info     0x00000000     0xe9d5
 .debug_info    0x00000000      0xd17 CMakeFiles/steer_gimbal.elf.dir/Core/Src/can.c.obj
 .debug_info    0x00000d17      0x4d9 CMakeFiles/steer_gimbal.elf.dir/Core/Src/dma.c.obj
 .debug_info    0x000011f0      0x45c CMakeFiles/steer_gimbal.elf.dir/Core/Src/gpio.c.obj
 .debug_info    0x0000164c      0xd4d CMakeFiles/steer_gimbal.elf.dir/Core/Src/main.c.obj
 .debug_info    0x00002399      0x265 CMakeFiles/steer_gimbal.elf.dir/Core/Src/stm32f4xx_hal_msp.c.obj
 .debug_info    0x000025fe      0xae8 CMakeFiles/steer_gimbal.elf.dir/Core/Src/stm32f4xx_it.c.obj
 .debug_info    0x000030e6      0x334 CMakeFiles/steer_gimbal.elf.dir/Core/Src/system_stm32f4xx.c.obj
 .debug_info    0x0000341a      0xc9d CMakeFiles/steer_gimbal.elf.dir/Core/Src/usart.c.obj
 .debug_info    0x000040b7       0x30 CMakeFiles/steer_gimbal.elf.dir/Core/Startup/startup_stm32f407ighx.s.obj
 .debug_info    0x000040e7      0x9e2 CMakeFiles/steer_gimbal.elf.dir/Drivers/STM32F4xx_HAL_Driver/Src/stm32f4xx_hal.c.obj
 .debug_info    0x00004ac9     0x11f7 CMakeFiles/steer_gimbal.elf.dir/Drivers/STM32F4xx_HAL_Driver/Src/stm32f4xx_hal_can.c.obj
 .debug_info    0x00005cc0      0xff5 CMakeFiles/steer_gimbal.elf.dir/Drivers/STM32F4xx_HAL_Driver/Src/stm32f4xx_hal_cortex.c.obj
 .debug_info    0x00006cb5      0xad9 CMakeFiles/steer_gimbal.elf.dir/Drivers/STM32F4xx_HAL_Driver/Src/stm32f4xx_hal_dma.c.obj
 .debug_info    0x0000778e      0x704 CMakeFiles/steer_gimbal.elf.dir/Drivers/STM32F4xx_HAL_Driver/Src/stm32f4xx_hal_gpio.c.obj
 .debug_info    0x00007e92      0xa6d CMakeFiles/steer_gimbal.elf.dir/Drivers/STM32F4xx_HAL_Driver/Src/stm32f4xx_hal_rcc.c.obj
 .debug_info    0x000088ff     0x4000 CMakeFiles/steer_gimbal.elf.dir/Drivers/STM32F4xx_HAL_Driver/Src/stm32f4xx_hal_uart.c.obj
 .debug_info    0x0000c8ff      0x794 CMakeFiles/steer_gimbal.elf.dir/User/Snc/dr16.c.obj
 .debug_info    0x0000d093      0x7cc CMakeFiles/steer_gimbal.elf.dir/User/Snc/gimbal_control.c.obj
 .debug_info    0x0000d85f      0xd51 CMakeFiles/steer_gimbal.elf.dir/User/Snc/mycan.c.obj
 .debug_info    0x0000e5b0      0x425 CMakeFiles/steer_gimbal.elf.dir/User/Snc/pid.c.obj

.debug_abbrev   0x00000000     0x27f7
 .debug_abbrev  0x00000000      0x241 CMakeFiles/steer_gimbal.elf.dir/Core/Src/can.c.obj
 .debug_abbrev  0x00000241      0x12b CMakeFiles/steer_gimbal.elf.dir/Core/Src/dma.c.obj
 .debug_abbrev  0x0000036c      0x164 CMakeFiles/steer_gimbal.elf.dir/Core/Src/gpio.c.obj
 .debug_abbrev  0x000004d0      0x278 CMakeFiles/steer_gimbal.elf.dir/Core/Src/main.c.obj
 .debug_abbrev  0x00000748       0xd6 CMakeFiles/steer_gimbal.elf.dir/Core/Src/stm32f4xx_hal_msp.c.obj
 .debug_abbrev  0x0000081e      0x1f1 CMakeFiles/steer_gimbal.elf.dir/Core/Src/stm32f4xx_it.c.obj
 .debug_abbrev  0x00000a0f      0x120 CMakeFiles/steer_gimbal.elf.dir/Core/Src/system_stm32f4xx.c.obj
 .debug_abbrev  0x00000b2f      0x24a CMakeFiles/steer_gimbal.elf.dir/Core/Src/usart.c.obj
 .debug_abbrev  0x00000d79       0x24 CMakeFiles/steer_gimbal.elf.dir/Core/Startup/startup_stm32f407ighx.s.obj
 .debug_abbrev  0x00000d9d      0x240 CMakeFiles/steer_gimbal.elf.dir/Drivers/STM32F4xx_HAL_Driver/Src/stm32f4xx_hal.c.obj
 .debug_abbrev  0x00000fdd      0x27b CMakeFiles/steer_gimbal.elf.dir/Drivers/STM32F4xx_HAL_Driver/Src/stm32f4xx_hal_can.c.obj
 .debug_abbrev  0x00001258      0x391 CMakeFiles/steer_gimbal.elf.dir/Drivers/STM32F4xx_HAL_Driver/Src/stm32f4xx_hal_cortex.c.obj
 .debug_abbrev  0x000015e9      0x2c0 CMakeFiles/steer_gimbal.elf.dir/Drivers/STM32F4xx_HAL_Driver/Src/stm32f4xx_hal_dma.c.obj
 .debug_abbrev  0x000018a9      0x202 CMakeFiles/steer_gimbal.elf.dir/Drivers/STM32F4xx_HAL_Driver/Src/stm32f4xx_hal_gpio.c.obj
 .debug_abbrev  0x00001aab      0x2c7 CMakeFiles/steer_gimbal.elf.dir/Drivers/STM32F4xx_HAL_Driver/Src/stm32f4xx_hal_rcc.c.obj
 .debug_abbrev  0x00001d72      0x32f CMakeFiles/steer_gimbal.elf.dir/Drivers/STM32F4xx_HAL_Driver/Src/stm32f4xx_hal_uart.c.obj
 .debug_abbrev  0x000020a1      0x1dc CMakeFiles/steer_gimbal.elf.dir/User/Snc/dr16.c.obj
 .debug_abbrev  0x0000227d      0x1b3 CMakeFiles/steer_gimbal.elf.dir/User/Snc/gimbal_control.c.obj
 .debug_abbrev  0x00002430      0x260 CMakeFiles/steer_gimbal.elf.dir/User/Snc/mycan.c.obj
 .debug_abbrev  0x00002690      0x167 CMakeFiles/steer_gimbal.elf.dir/User/Snc/pid.c.obj

.debug_loclists
                0x00000000     0x51d5
 .debug_loclists
                0x00000000       0xaf CMakeFiles/steer_gimbal.elf.dir/Core/Src/can.c.obj
 .debug_loclists
                0x000000af       0x46 CMakeFiles/steer_gimbal.elf.dir/Core/Src/main.c.obj
 .debug_loclists
                0x000000f5       0xfa CMakeFiles/steer_gimbal.elf.dir/Core/Src/system_stm32f4xx.c.obj
 .debug_loclists
                0x000001ef       0x5c CMakeFiles/steer_gimbal.elf.dir/Core/Src/usart.c.obj
 .debug_loclists
                0x0000024b       0xe1 CMakeFiles/steer_gimbal.elf.dir/Drivers/STM32F4xx_HAL_Driver/Src/stm32f4xx_hal.c.obj
 .debug_loclists
                0x0000032c      0xa57 CMakeFiles/steer_gimbal.elf.dir/Drivers/STM32F4xx_HAL_Driver/Src/stm32f4xx_hal_can.c.obj
 .debug_loclists
                0x00000d83      0x54d CMakeFiles/steer_gimbal.elf.dir/Drivers/STM32F4xx_HAL_Driver/Src/stm32f4xx_hal_cortex.c.obj
 .debug_loclists
                0x000012d0      0x88a CMakeFiles/steer_gimbal.elf.dir/Drivers/STM32F4xx_HAL_Driver/Src/stm32f4xx_hal_dma.c.obj
 .debug_loclists
                0x00001b5a      0x386 CMakeFiles/steer_gimbal.elf.dir/Drivers/STM32F4xx_HAL_Driver/Src/stm32f4xx_hal_gpio.c.obj
 .debug_loclists
                0x00001ee0      0x3e5 CMakeFiles/steer_gimbal.elf.dir/Drivers/STM32F4xx_HAL_Driver/Src/stm32f4xx_hal_rcc.c.obj
 .debug_loclists
                0x000022c5     0x2c89 CMakeFiles/steer_gimbal.elf.dir/Drivers/STM32F4xx_HAL_Driver/Src/stm32f4xx_hal_uart.c.obj
 .debug_loclists
                0x00004f4e       0x33 CMakeFiles/steer_gimbal.elf.dir/User/Snc/dr16.c.obj
 .debug_loclists
                0x00004f81       0xd0 CMakeFiles/steer_gimbal.elf.dir/User/Snc/gimbal_control.c.obj
 .debug_loclists
                0x00005051       0xfe CMakeFiles/steer_gimbal.elf.dir/User/Snc/mycan.c.obj
 .debug_loclists
                0x0000514f       0x86 CMakeFiles/steer_gimbal.elf.dir/User/Snc/pid.c.obj

.debug_aranges  0x00000000      0x980
 .debug_aranges
                0x00000000       0x38 CMakeFiles/steer_gimbal.elf.dir/Core/Src/can.c.obj
 .debug_aranges
                0x00000038       0x20 CMakeFiles/steer_gimbal.elf.dir/Core/Src/dma.c.obj
 .debug_aranges
                0x00000058       0x20 CMakeFiles/steer_gimbal.elf.dir/Core/Src/gpio.c.obj
 .debug_aranges
                0x00000078       0x38 CMakeFiles/steer_gimbal.elf.dir/Core/Src/main.c.obj
 .debug_aranges
                0x000000b0       0x20 CMakeFiles/steer_gimbal.elf.dir/Core/Src/stm32f4xx_hal_msp.c.obj
 .debug_aranges
                0x000000d0       0x90 CMakeFiles/steer_gimbal.elf.dir/Core/Src/stm32f4xx_it.c.obj
 .debug_aranges
                0x00000160       0x28 CMakeFiles/steer_gimbal.elf.dir/Core/Src/system_stm32f4xx.c.obj
 .debug_aranges
                0x00000188       0x30 CMakeFiles/steer_gimbal.elf.dir/Core/Src/usart.c.obj
 .debug_aranges
                0x000001b8       0x28 CMakeFiles/steer_gimbal.elf.dir/Core/Startup/startup_stm32f407ighx.s.obj
 .debug_aranges
                0x000001e0       0xf0 CMakeFiles/steer_gimbal.elf.dir/Drivers/STM32F4xx_HAL_Driver/Src/stm32f4xx_hal.c.obj
 .debug_aranges
                0x000002d0      0x138 CMakeFiles/steer_gimbal.elf.dir/Drivers/STM32F4xx_HAL_Driver/Src/stm32f4xx_hal_can.c.obj
 .debug_aranges
                0x00000408       0xf8 CMakeFiles/steer_gimbal.elf.dir/Drivers/STM32F4xx_HAL_Driver/Src/stm32f4xx_hal_cortex.c.obj
 .debug_aranges
                0x00000500       0x90 CMakeFiles/steer_gimbal.elf.dir/Drivers/STM32F4xx_HAL_Driver/Src/stm32f4xx_hal_dma.c.obj
 .debug_aranges
                0x00000590       0x58 CMakeFiles/steer_gimbal.elf.dir/Drivers/STM32F4xx_HAL_Driver/Src/stm32f4xx_hal_gpio.c.obj
 .debug_aranges
                0x000005e8       0x88 CMakeFiles/steer_gimbal.elf.dir/Drivers/STM32F4xx_HAL_Driver/Src/stm32f4xx_hal_rcc.c.obj
 .debug_aranges
                0x00000670      0x208 CMakeFiles/steer_gimbal.elf.dir/Drivers/STM32F4xx_HAL_Driver/Src/stm32f4xx_hal_uart.c.obj
 .debug_aranges
                0x00000878       0x30 CMakeFiles/steer_gimbal.elf.dir/User/Snc/dr16.c.obj
 .debug_aranges
                0x000008a8       0x50 CMakeFiles/steer_gimbal.elf.dir/User/Snc/gimbal_control.c.obj
 .debug_aranges
                0x000008f8       0x58 CMakeFiles/steer_gimbal.elf.dir/User/Snc/mycan.c.obj
 .debug_aranges
                0x00000950       0x30 CMakeFiles/steer_gimbal.elf.dir/User/Snc/pid.c.obj

.debug_rnglists
                0x00000000      0x728
 .debug_rnglists
                0x00000000       0x27 CMakeFiles/steer_gimbal.elf.dir/Core/Src/can.c.obj
 .debug_rnglists
                0x00000027       0x13 CMakeFiles/steer_gimbal.elf.dir/Core/Src/dma.c.obj
 .debug_rnglists
                0x0000003a       0x14 CMakeFiles/steer_gimbal.elf.dir/Core/Src/gpio.c.obj
 .debug_rnglists
                0x0000004e       0x26 CMakeFiles/steer_gimbal.elf.dir/Core/Src/main.c.obj
 .debug_rnglists
                0x00000074       0x13 CMakeFiles/steer_gimbal.elf.dir/Core/Src/stm32f4xx_hal_msp.c.obj
 .debug_rnglists
                0x00000087       0x67 CMakeFiles/steer_gimbal.elf.dir/Core/Src/stm32f4xx_it.c.obj
 .debug_rnglists
                0x000000ee       0x1a CMakeFiles/steer_gimbal.elf.dir/Core/Src/system_stm32f4xx.c.obj
 .debug_rnglists
                0x00000108       0x20 CMakeFiles/steer_gimbal.elf.dir/Core/Src/usart.c.obj
 .debug_rnglists
                0x00000128       0x19 CMakeFiles/steer_gimbal.elf.dir/Core/Startup/startup_stm32f407ighx.s.obj
 .debug_rnglists
                0x00000141       0xaf CMakeFiles/steer_gimbal.elf.dir/Drivers/STM32F4xx_HAL_Driver/Src/stm32f4xx_hal.c.obj
 .debug_rnglists
                0x000001f0       0xf6 CMakeFiles/steer_gimbal.elf.dir/Drivers/STM32F4xx_HAL_Driver/Src/stm32f4xx_hal_can.c.obj
 .debug_rnglists
                0x000002e6       0xb5 CMakeFiles/steer_gimbal.elf.dir/Drivers/STM32F4xx_HAL_Driver/Src/stm32f4xx_hal_cortex.c.obj
 .debug_rnglists
                0x0000039b       0x6c CMakeFiles/steer_gimbal.elf.dir/Drivers/STM32F4xx_HAL_Driver/Src/stm32f4xx_hal_dma.c.obj
 .debug_rnglists
                0x00000407       0x3f CMakeFiles/steer_gimbal.elf.dir/Drivers/STM32F4xx_HAL_Driver/Src/stm32f4xx_hal_gpio.c.obj
 .debug_rnglists
                0x00000446       0x75 CMakeFiles/steer_gimbal.elf.dir/Drivers/STM32F4xx_HAL_Driver/Src/stm32f4xx_hal_rcc.c.obj
 .debug_rnglists
                0x000004bb      0x1a1 CMakeFiles/steer_gimbal.elf.dir/Drivers/STM32F4xx_HAL_Driver/Src/stm32f4xx_hal_uart.c.obj
 .debug_rnglists
                0x0000065c       0x20 CMakeFiles/steer_gimbal.elf.dir/User/Snc/dr16.c.obj
 .debug_rnglists
                0x0000067c       0x3a CMakeFiles/steer_gimbal.elf.dir/User/Snc/gimbal_control.c.obj
 .debug_rnglists
                0x000006b6       0x51 CMakeFiles/steer_gimbal.elf.dir/User/Snc/mycan.c.obj
 .debug_rnglists
                0x00000707       0x21 CMakeFiles/steer_gimbal.elf.dir/User/Snc/pid.c.obj

.debug_line     0x00000000     0x9a9e
 .debug_line    0x00000000      0x467 CMakeFiles/steer_gimbal.elf.dir/Core/Src/can.c.obj
 .debug_line    0x00000467      0x19d CMakeFiles/steer_gimbal.elf.dir/Core/Src/dma.c.obj
 .debug_line    0x00000604      0x1dc CMakeFiles/steer_gimbal.elf.dir/Core/Src/gpio.c.obj
 .debug_line    0x000007e0      0x41c CMakeFiles/steer_gimbal.elf.dir/Core/Src/main.c.obj
 .debug_line    0x00000bfc      0x165 CMakeFiles/steer_gimbal.elf.dir/Core/Src/stm32f4xx_hal_msp.c.obj
 .debug_line    0x00000d61      0x353 CMakeFiles/steer_gimbal.elf.dir/Core/Src/stm32f4xx_it.c.obj
 .debug_line    0x000010b4      0x22c CMakeFiles/steer_gimbal.elf.dir/Core/Src/system_stm32f4xx.c.obj
 .debug_line    0x000012e0      0x379 CMakeFiles/steer_gimbal.elf.dir/Core/Src/usart.c.obj
 .debug_line    0x00001659       0x7a CMakeFiles/steer_gimbal.elf.dir/Core/Startup/startup_stm32f407ighx.s.obj
 .debug_line    0x000016d3      0x595 CMakeFiles/steer_gimbal.elf.dir/Drivers/STM32F4xx_HAL_Driver/Src/stm32f4xx_hal.c.obj
 .debug_line    0x00001c68     0x1179 CMakeFiles/steer_gimbal.elf.dir/Drivers/STM32F4xx_HAL_Driver/Src/stm32f4xx_hal_can.c.obj
 .debug_line    0x00002de1      0x858 CMakeFiles/steer_gimbal.elf.dir/Drivers/STM32F4xx_HAL_Driver/Src/stm32f4xx_hal_cortex.c.obj
 .debug_line    0x00003639      0xe51 CMakeFiles/steer_gimbal.elf.dir/Drivers/STM32F4xx_HAL_Driver/Src/stm32f4xx_hal_dma.c.obj
 .debug_line    0x0000448a      0x713 CMakeFiles/steer_gimbal.elf.dir/Drivers/STM32F4xx_HAL_Driver/Src/stm32f4xx_hal_gpio.c.obj
 .debug_line    0x00004b9d      0xbdb CMakeFiles/steer_gimbal.elf.dir/Drivers/STM32F4xx_HAL_Driver/Src/stm32f4xx_hal_rcc.c.obj
 .debug_line    0x00005778     0x34eb CMakeFiles/steer_gimbal.elf.dir/Drivers/STM32F4xx_HAL_Driver/Src/stm32f4xx_hal_uart.c.obj
 .debug_line    0x00008c63      0x305 CMakeFiles/steer_gimbal.elf.dir/User/Snc/dr16.c.obj
 .debug_line    0x00008f68      0x2c5 CMakeFiles/steer_gimbal.elf.dir/User/Snc/gimbal_control.c.obj
 .debug_line    0x0000922d      0x6ef CMakeFiles/steer_gimbal.elf.dir/User/Snc/mycan.c.obj
 .debug_line    0x0000991c      0x182 CMakeFiles/steer_gimbal.elf.dir/User/Snc/pid.c.obj

.debug_str      0x00000000     0x3257
 .debug_str     0x00000000     0x3257 CMakeFiles/steer_gimbal.elf.dir/Core/Src/can.c.obj
                                0xb8b (size before relaxing)
 .debug_str     0x00003257      0x7cf CMakeFiles/steer_gimbal.elf.dir/Core/Src/dma.c.obj
 .debug_str     0x00003257      0x37c CMakeFiles/steer_gimbal.elf.dir/Core/Src/gpio.c.obj
 .debug_str     0x00003257      0xa75 CMakeFiles/steer_gimbal.elf.dir/Core/Src/main.c.obj
 .debug_str     0x00003257      0x2bd CMakeFiles/steer_gimbal.elf.dir/Core/Src/stm32f4xx_hal_msp.c.obj
 .debug_str     0x00003257      0x9eb CMakeFiles/steer_gimbal.elf.dir/Core/Src/stm32f4xx_it.c.obj
 .debug_str     0x00003257      0x323 CMakeFiles/steer_gimbal.elf.dir/Core/Src/system_stm32f4xx.c.obj
 .debug_str     0x00003257      0xd97 CMakeFiles/steer_gimbal.elf.dir/Core/Src/usart.c.obj
 .debug_str     0x00003257       0x73 CMakeFiles/steer_gimbal.elf.dir/Core/Startup/startup_stm32f407ighx.s.obj
 .debug_str     0x00003257      0xb66 CMakeFiles/steer_gimbal.elf.dir/Drivers/STM32F4xx_HAL_Driver/Src/stm32f4xx_hal.c.obj
 .debug_str     0x00003257      0xa37 CMakeFiles/steer_gimbal.elf.dir/Drivers/STM32F4xx_HAL_Driver/Src/stm32f4xx_hal_can.c.obj
 .debug_str     0x00003257      0xc77 CMakeFiles/steer_gimbal.elf.dir/Drivers/STM32F4xx_HAL_Driver/Src/stm32f4xx_hal_cortex.c.obj
 .debug_str     0x00003257      0x778 CMakeFiles/steer_gimbal.elf.dir/Drivers/STM32F4xx_HAL_Driver/Src/stm32f4xx_hal_dma.c.obj
 .debug_str     0x00003257      0x4e2 CMakeFiles/steer_gimbal.elf.dir/Drivers/STM32F4xx_HAL_Driver/Src/stm32f4xx_hal_gpio.c.obj
 .debug_str     0x00003257      0x708 CMakeFiles/steer_gimbal.elf.dir/Drivers/STM32F4xx_HAL_Driver/Src/stm32f4xx_hal_rcc.c.obj
 .debug_str     0x00003257      0xd9d CMakeFiles/steer_gimbal.elf.dir/Drivers/STM32F4xx_HAL_Driver/Src/stm32f4xx_hal_uart.c.obj
 .debug_str     0x00003257      0x6ee CMakeFiles/steer_gimbal.elf.dir/User/Snc/dr16.c.obj
 .debug_str     0x00003257      0x4d3 CMakeFiles/steer_gimbal.elf.dir/User/Snc/gimbal_control.c.obj
 .debug_str     0x00003257      0x8b8 CMakeFiles/steer_gimbal.elf.dir/User/Snc/mycan.c.obj
 .debug_str     0x00003257      0x2b0 CMakeFiles/steer_gimbal.elf.dir/User/Snc/pid.c.obj

.comment        0x00000000       0x45
 .comment       0x00000000       0x45 CMakeFiles/steer_gimbal.elf.dir/Core/Src/can.c.obj
                                 0x46 (size before relaxing)
 .comment       0x00000045       0x46 CMakeFiles/steer_gimbal.elf.dir/Core/Src/dma.c.obj
 .comment       0x00000045       0x46 CMakeFiles/steer_gimbal.elf.dir/Core/Src/gpio.c.obj
 .comment       0x00000045       0x46 CMakeFiles/steer_gimbal.elf.dir/Core/Src/main.c.obj
 .comment       0x00000045       0x46 CMakeFiles/steer_gimbal.elf.dir/Core/Src/stm32f4xx_hal_msp.c.obj
 .comment       0x00000045       0x46 CMakeFiles/steer_gimbal.elf.dir/Core/Src/stm32f4xx_it.c.obj
 .comment       0x00000045       0x46 CMakeFiles/steer_gimbal.elf.dir/Core/Src/system_stm32f4xx.c.obj
 .comment       0x00000045       0x46 CMakeFiles/steer_gimbal.elf.dir/Core/Src/usart.c.obj
 .comment       0x00000045       0x46 CMakeFiles/steer_gimbal.elf.dir/Drivers/STM32F4xx_HAL_Driver/Src/stm32f4xx_hal.c.obj
 .comment       0x00000045       0x46 CMakeFiles/steer_gimbal.elf.dir/Drivers/STM32F4xx_HAL_Driver/Src/stm32f4xx_hal_can.c.obj
 .comment       0x00000045       0x46 CMakeFiles/steer_gimbal.elf.dir/Drivers/STM32F4xx_HAL_Driver/Src/stm32f4xx_hal_cortex.c.obj
 .comment       0x00000045       0x46 CMakeFiles/steer_gimbal.elf.dir/Drivers/STM32F4xx_HAL_Driver/Src/stm32f4xx_hal_dma.c.obj
 .comment       0x00000045       0x46 CMakeFiles/steer_gimbal.elf.dir/Drivers/STM32F4xx_HAL_Driver/Src/stm32f4xx_hal_gpio.c.obj
 .comment       0x00000045       0x46 CMakeFiles/steer_gimbal.elf.dir/Drivers/STM32F4xx_HAL_Driver/Src/stm32f4xx_hal_rcc.c.obj
 .comment       0x00000045       0x46 CMakeFiles/steer_gimbal.elf.dir/Drivers/STM32F4xx_HAL_Driver/Src/stm32f4xx_hal_uart.c.obj
 .comment       0x00000045       0x46 CMakeFiles/steer_gimbal.elf.dir/User/Snc/dr16.c.obj
 .comment       0x00000045       0x46 CMakeFiles/steer_gimbal.elf.dir/User/Snc/gimbal_control.c.obj
 .comment       0x00000045       0x46 CMakeFiles/steer_gimbal.elf.dir/User/Snc/mycan.c.obj
 .comment       0x00000045       0x46 CMakeFiles/steer_gimbal.elf.dir/User/Snc/pid.c.obj

.debug_frame    0x00000000     0x19e4
 .debug_frame   0x00000000       0x78 CMakeFiles/steer_gimbal.elf.dir/Core/Src/can.c.obj
 .debug_frame   0x00000078       0x2c CMakeFiles/steer_gimbal.elf.dir/Core/Src/dma.c.obj
 .debug_frame   0x000000a4       0x30 CMakeFiles/steer_gimbal.elf.dir/Core/Src/gpio.c.obj
 .debug_frame   0x000000d4       0x74 CMakeFiles/steer_gimbal.elf.dir/Core/Src/main.c.obj
 .debug_frame   0x00000148       0x28 CMakeFiles/steer_gimbal.elf.dir/Core/Src/stm32f4xx_hal_msp.c.obj
 .debug_frame   0x00000170      0x138 CMakeFiles/steer_gimbal.elf.dir/Core/Src/stm32f4xx_it.c.obj
 .debug_frame   0x000002a8       0x30 CMakeFiles/steer_gimbal.elf.dir/Core/Src/system_stm32f4xx.c.obj
 .debug_frame   0x000002d8       0x64 CMakeFiles/steer_gimbal.elf.dir/Core/Src/usart.c.obj
 .debug_frame   0x0000033c      0x1ec CMakeFiles/steer_gimbal.elf.dir/Drivers/STM32F4xx_HAL_Driver/Src/stm32f4xx_hal.c.obj
 .debug_frame   0x00000528      0x2d4 CMakeFiles/steer_gimbal.elf.dir/Drivers/STM32F4xx_HAL_Driver/Src/stm32f4xx_hal_can.c.obj
 .debug_frame   0x000007fc      0x214 CMakeFiles/steer_gimbal.elf.dir/Drivers/STM32F4xx_HAL_Driver/Src/stm32f4xx_hal_cortex.c.obj
 .debug_frame   0x00000a10      0x188 CMakeFiles/steer_gimbal.elf.dir/Drivers/STM32F4xx_HAL_Driver/Src/stm32f4xx_hal_dma.c.obj
 .debug_frame   0x00000b98       0xd4 CMakeFiles/steer_gimbal.elf.dir/Drivers/STM32F4xx_HAL_Driver/Src/stm32f4xx_hal_gpio.c.obj
 .debug_frame   0x00000c6c      0x16c CMakeFiles/steer_gimbal.elf.dir/Drivers/STM32F4xx_HAL_Driver/Src/stm32f4xx_hal_rcc.c.obj
 .debug_frame   0x00000dd8      0x5dc CMakeFiles/steer_gimbal.elf.dir/Drivers/STM32F4xx_HAL_Driver/Src/stm32f4xx_hal_uart.c.obj
 .debug_frame   0x000013b4       0x48 CMakeFiles/steer_gimbal.elf.dir/User/Snc/dr16.c.obj
 .debug_frame   0x000013fc       0xd4 CMakeFiles/steer_gimbal.elf.dir/User/Snc/gimbal_control.c.obj
 .debug_frame   0x000014d0      0x104 CMakeFiles/steer_gimbal.elf.dir/User/Snc/mycan.c.obj
 .debug_frame   0x000015d4       0x68 CMakeFiles/steer_gimbal.elf.dir/User/Snc/pid.c.obj
 .debug_frame   0x0000163c       0x24 C:/clion/gcc-arm-none-eabi-10.3-2021.10/bin/../lib/gcc/arm-none-eabi/13.3.1/thumb/v7e-m/nofp\libgcc.a(_arm_mulsf3.o)
 .debug_frame   0x00001660       0x4c C:/clion/gcc-arm-none-eabi-10.3-2021.10/bin/../lib/gcc/arm-none-eabi/13.3.1/thumb/v7e-m/nofp\libgcc.a(_arm_addsubsf3.o)
 .debug_frame   0x000016ac       0xc8 C:/clion/gcc-arm-none-eabi-10.3-2021.10/bin/../lib/gcc/arm-none-eabi/13.3.1/thumb/v7e-m/nofp\libgcc.a(_arm_cmpsf2.o)
 .debug_frame   0x00001774       0x24 C:/clion/gcc-arm-none-eabi-10.3-2021.10/bin/../lib/gcc/arm-none-eabi/13.3.1/thumb/v7e-m/nofp\libgcc.a(_arm_fixsfsi.o)
 .debug_frame   0x00001798       0x2c C:/clion/gcc-arm-none-eabi-10.3-2021.10/bin/../lib/gcc/arm-none-eabi/13.3.1/thumb/v7e-m/nofp\libgcc.a(_aeabi_uldivmod.o)
 .debug_frame   0x000017c4       0x34 C:/clion/gcc-arm-none-eabi-10.3-2021.10/bin/../lib/gcc/arm-none-eabi/13.3.1/thumb/v7e-m/nofp\libgcc.a(_udivmoddi4.o)
 .debug_frame   0x000017f8       0x2c C:/clion/gcc-arm-none-eabi-10.3-2021.10/bin/../lib/gcc/arm-none-eabi/13.3.1/thumb/v7e-m/nofp\libg.a(libc_a-memset.o)
 .debug_frame   0x00001824       0x2c C:/clion/gcc-arm-none-eabi-10.3-2021.10/bin/../lib/gcc/arm-none-eabi/13.3.1/thumb/v7e-m/nofp\libg.a(libc_a-init.o)
 .debug_frame   0x00001850       0xb0 C:/clion/gcc-arm-none-eabi-10.3-2021.10/bin/../lib/gcc/arm-none-eabi/13.3.1/thumb/v7e-m/nofp\libg.a(libc_a-lock.o)
 .debug_frame   0x00001900       0x5c C:/clion/gcc-arm-none-eabi-10.3-2021.10/bin/../lib/gcc/arm-none-eabi/13.3.1/thumb/v7e-m/nofp\libg.a(libc_a-__call_atexit.o)
 .debug_frame   0x0000195c       0x20 C:/clion/gcc-arm-none-eabi-10.3-2021.10/bin/../lib/gcc/arm-none-eabi/13.3.1/thumb/v7e-m/nofp\libg.a(libc_a-atexit.o)
 .debug_frame   0x0000197c       0x34 C:/clion/gcc-arm-none-eabi-10.3-2021.10/bin/../lib/gcc/arm-none-eabi/13.3.1/thumb/v7e-m/nofp\libg.a(libc_a-fini.o)
 .debug_frame   0x000019b0       0x34 C:/clion/gcc-arm-none-eabi-10.3-2021.10/bin/../lib/gcc/arm-none-eabi/13.3.1/thumb/v7e-m/nofp\libg.a(libc_a-__atexit.o)

.debug_line_str
                0x00000000      0x136
 .debug_line_str
                0x00000000      0x136 CMakeFiles/steer_gimbal.elf.dir/Core/Startup/startup_stm32f407ighx.s.obj
                                 0x57 (size before relaxing)
 .debug_line_str
                0x00000136       0xcb C:/clion/gcc-arm-none-eabi-10.3-2021.10/bin/../lib/gcc/arm-none-eabi/13.3.1/thumb/v7e-m/nofp\libgcc.a(_arm_mulsf3.o)
 .debug_line_str
                0x00000136       0xcb C:/clion/gcc-arm-none-eabi-10.3-2021.10/bin/../lib/gcc/arm-none-eabi/13.3.1/thumb/v7e-m/nofp\libgcc.a(_arm_addsubsf3.o)
 .debug_line_str
                0x00000136       0xcb C:/clion/gcc-arm-none-eabi-10.3-2021.10/bin/../lib/gcc/arm-none-eabi/13.3.1/thumb/v7e-m/nofp\libgcc.a(_arm_cmpsf2.o)
 .debug_line_str
                0x00000136       0xcb C:/clion/gcc-arm-none-eabi-10.3-2021.10/bin/../lib/gcc/arm-none-eabi/13.3.1/thumb/v7e-m/nofp\libgcc.a(_arm_fixsfsi.o)
 .debug_line_str
                0x00000136       0xc6 C:/clion/gcc-arm-none-eabi-10.3-2021.10/bin/../lib/gcc/arm-none-eabi/13.3.1/thumb/v7e-m/nofp\libgcc.a(_aeabi_uldivmod.o)
 .debug_line_str
                0x00000136       0xca C:/clion/gcc-arm-none-eabi-10.3-2021.10/bin/../lib/gcc/arm-none-eabi/13.3.1/thumb/v7e-m/nofp\libgcc.a(_dvmd_tls.o)
